
Memory Configuration

Name             Origin             Length             Attributes
*default*        0x0000000000000000 0xffffffffffffffff

Linker script and memory map

Address of section .text set to 0xc0001500
LOAD build/main.o
LOAD build/init.o
LOAD build/timer.o
LOAD build/thread.o
LOAD build/memory.o
LOAD build/bitmap.o
LOAD build/interrupt.o
LOAD build/kernel.o
LOAD build/print.o
LOAD build/string.o
LOAD build/debug.o
LOAD build/list.o
LOAD build/switch.o
                [!provide]                        PROVIDE (__executable_start = SEGMENT_START ("text-segment", 0x8048000))
                0x0000000008048074                . = (SEGMENT_START ("text-segment", 0x8048000) + SIZEOF_HEADERS)

.interp
 *(.interp)

.note.gnu.build-id
 *(.note.gnu.build-id)

.hash
 *(.hash)

.gnu.hash
 *(.gnu.hash)

.dynsym
 *(.dynsym)

.dynstr
 *(.dynstr)

.gnu.version
 *(.gnu.version)

.gnu.version_d
 *(.gnu.version_d)

.gnu.version_r
 *(.gnu.version_r)

.rel.dyn        0x0000000008048074        0x0
 *(.rel.init)
 *(.rel.text .rel.text.* .rel.gnu.linkonce.t.*)
 *(.rel.fini)
 *(.rel.rodata .rel.rodata.* .rel.gnu.linkonce.r.*)
 *(.rel.data.rel.ro .rel.data.rel.ro.* .rel.gnu.linkonce.d.rel.ro.*)
 *(.rel.data .rel.data.* .rel.gnu.linkonce.d.*)
 *(.rel.tdata .rel.tdata.* .rel.gnu.linkonce.td.*)
 *(.rel.tbss .rel.tbss.* .rel.gnu.linkonce.tb.*)
 *(.rel.ctors)
 *(.rel.dtors)
 *(.rel.got)
 .rel.got       0x0000000008048074        0x0 build/main.o
 *(.rel.bss .rel.bss.* .rel.gnu.linkonce.b.*)
 *(.rel.ifunc)

.rel.plt        0x0000000008048074        0x0
 *(.rel.plt)
                [!provide]                        PROVIDE (__rel_iplt_start = .)
 *(.rel.iplt)
 .rel.iplt      0x0000000008048074        0x0 build/main.o
                [!provide]                        PROVIDE (__rel_iplt_end = .)

.init
 *(SORT_NONE(.init))

.plt            0x0000000008048078        0x0
 *(.plt)
 *(.iplt)
 .iplt          0x0000000008048078        0x0 build/main.o

.plt.got
 *(.plt.got)

.plt.sec
 *(.plt.sec)

.text           0x00000000c0001500     0x1df5
 *(.text.unlikely .text.*_unlikely .text.unlikely.*)
 *(.text.exit .text.exit.*)
 *(.text.startup .text.startup.*)
 *(.text.hot .text.hot.*)
 *(.text .stub .text.* .gnu.linkonce.t.*)
 .text          0x00000000c0001500       0xd1 build/main.o
                0x00000000c0001500                main
                0x00000000c000156f                k_thread_a
                0x00000000c00015a0                k_thread_b
 .text          0x00000000c00015d1       0x2d build/init.o
                0x00000000c00015d1                init_all
 .text          0x00000000c00015fe      0x174 build/timer.o
                0x00000000c000171f                timer_init
 .text          0x00000000c0001772      0x3ed build/thread.o
                0x00000000c0001772                running_thread
                0x00000000c00017a3                thread_create
                0x00000000c000181a                init_thread
                0x00000000c00018ad                thread_start
                0x00000000c0001a00                schedule
                0x00000000c0001b11                thread_init
 .text          0x00000000c0001b5f      0x545 build/memory.o
                0x00000000c0001c36                pde_ptr
                0x00000000c0001c52                pte_ptr
                0x00000000c0001d8e                malloc_page
                0x00000000c0001e4d                get_kernel_pages
                0x00000000c0002063                mem_init
 .text          0x00000000c00020a4      0x24a build/bitmap.o
                0x00000000c00020a4                bitmap_init
                0x00000000c00020c7                bitmap_scan_test
                0x00000000c0002106                bitmap_scan
                0x00000000c0002236                bitmap_set
 .text          0x00000000c00022ee      0x435 build/interrupt.o
                0x00000000c000251b                register_handler
                0x00000000c000262e                intr_get_status
                0x00000000c000264b                intr_enable
                0x00000000c0002674                intr_disable
                0x00000000c000269d                intr_set_status
                0x00000000c00026b8                idt_init
 *fill*         0x00000000c0002723        0xd 
 .text          0x00000000c0002730      0x393 build/kernel.o
                0x00000000c0002730                intr_exit
 *fill*         0x00000000c0002ac3        0xd 
 .text          0x00000000c0002ad0      0x172 build/print.o
                0x00000000c0002ad0                put_str
                0x00000000c0002aee                put_char
                0x00000000c0002bbb                put_int
                0x00000000c0002c1e                set_cursor
 .text          0x00000000c0002c42      0x3c8 build/string.o
                0x00000000c0002c42                memset
                0x00000000c0002c95                memcpy
                0x00000000c0002cf6                memcmp
                0x00000000c0002d79                strcpy
                0x00000000c0002dce                strlen
                0x00000000c0002e15                strcmp
                0x00000000c0002e8e                strchr
                0x00000000c0002ee6                strrchr
                0x00000000c0002f44                strcat
                0x00000000c0002fae                strchrs
 .text          0x00000000c000300a       0xd7 build/debug.o
                0x00000000c000300a                panic_spin
 .text          0x00000000c00030e1      0x1f1 build/list.o
                0x00000000c00030e1                list_init
                0x00000000c000310f                list_insert_before
                0x00000000c0003154                list_push
                0x00000000c0003172                list_append
                0x00000000c0003190                list_remove
                0x00000000c00031ca                list_pop
                0x00000000c00031ec                elem_find
                0x00000000c0003227                list_traversal
                0x00000000c0003284                list_len
                0x00000000c00032b9                list_empty
 *fill*         0x00000000c00032d2        0xe 
 .text          0x00000000c00032e0       0x15 build/switch.o
                0x00000000c00032e0                switch_to
 *(.gnu.warning)

.fini
 *(SORT_NONE(.fini))
                [!provide]                        PROVIDE (__etext = .)
                [!provide]                        PROVIDE (_etext = .)
                [!provide]                        PROVIDE (etext = .)

.rodata         0x00000000c00032f8      0x794
 *(.rodata .rodata.* .gnu.linkonce.r.*)
 .rodata        0x00000000c00032f8       0x2e build/main.o
 .rodata        0x00000000c0003326        0xf build/init.o
 *fill*         0x00000000c0003335        0x3 
 .rodata        0x00000000c0003338       0x6b build/timer.o
 *fill*         0x00000000c00033a3        0x1 
 .rodata        0x00000000c00033a4      0x181 build/thread.o
 *fill*         0x00000000c0003525        0x3 
 .rodata        0x00000000c0003528      0x12c build/memory.o
 .rodata        0x00000000c0003654       0x6b build/bitmap.o
 *fill*         0x00000000c00036bf        0x1 
 .rodata        0x00000000c00036c0      0x2c5 build/interrupt.o
 *fill*         0x00000000c0003985        0x3 
 .rodata        0x00000000c0003988       0xcc build/string.o
 .rodata        0x00000000c0003a54       0x38 build/debug.o

.rodata1
 *(.rodata1)

.eh_frame_hdr
 *(.eh_frame_hdr)
 *(.eh_frame_entry .eh_frame_entry.*)

.eh_frame
 *(.eh_frame)
 *(.eh_frame.*)

.gcc_except_table
 *(.gcc_except_table .gcc_except_table.*)

.gnu_extab
 *(.gnu_extab*)

.exception_ranges
 *(.exception_ranges .exception_ranges*)
                0x00000000c0004a8c                . = DATA_SEGMENT_ALIGN (CONSTANT (MAXPAGESIZE), CONSTANT (COMMONPAGESIZE))

.eh_frame
 *(.eh_frame)
 *(.eh_frame.*)

.gnu_extab
 *(.gnu_extab)

.gcc_except_table
 *(.gcc_except_table .gcc_except_table.*)

.exception_ranges
 *(.exception_ranges .exception_ranges*)

.tdata          0x00000000c0004a8c        0x0
                [!provide]                        PROVIDE (__tdata_start = .)
 *(.tdata .tdata.* .gnu.linkonce.td.*)

.tbss
 *(.tbss .tbss.* .gnu.linkonce.tb.*)
 *(.tcommon)

.preinit_array  0x00000000c0004a8c        0x0
                [!provide]                        PROVIDE (__preinit_array_start = .)
 *(.preinit_array)
                [!provide]                        PROVIDE (__preinit_array_end = .)

.init_array     0x00000000c0004a8c        0x0
                [!provide]                        PROVIDE (__init_array_start = .)
 *(SORT_BY_INIT_PRIORITY(.init_array.*) SORT_BY_INIT_PRIORITY(.ctors.*))
 *(.init_array EXCLUDE_FILE(*crtend?.o *crtend.o *crtbegin?.o *crtbegin.o) .ctors)
                [!provide]                        PROVIDE (__init_array_end = .)

.fini_array     0x00000000c0004a8c        0x0
                [!provide]                        PROVIDE (__fini_array_start = .)
 *(SORT_BY_INIT_PRIORITY(.fini_array.*) SORT_BY_INIT_PRIORITY(.dtors.*))
 *(.fini_array EXCLUDE_FILE(*crtend?.o *crtend.o *crtbegin?.o *crtbegin.o) .dtors)
                [!provide]                        PROVIDE (__fini_array_end = .)

.ctors
 *crtbegin.o(.ctors)
 *crtbegin?.o(.ctors)
 *(EXCLUDE_FILE(*crtend?.o *crtend.o) .ctors)
 *(SORT_BY_NAME(.ctors.*))
 *(.ctors)

.dtors
 *crtbegin.o(.dtors)
 *crtbegin?.o(.dtors)
 *(EXCLUDE_FILE(*crtend?.o *crtend.o) .dtors)
 *(SORT_BY_NAME(.dtors.*))
 *(.dtors)

.jcr
 *(.jcr)

.data.rel.ro
 *(.data.rel.ro.local* .gnu.linkonce.d.rel.ro.local.*)
 *(.data.rel.ro .data.rel.ro.* .gnu.linkonce.d.rel.ro.*)

.dynamic
 *(.dynamic)

.got            0x00000000c0004a8c        0x0
 *(.got)
 .got           0x00000000c0004a8c        0x0 build/main.o
 *(.igot)
                0x00000000c0004a8c                . = DATA_SEGMENT_RELRO_END (., (SIZEOF (.got.plt) >= 0xc)?0xc:0x0)

.got.plt        0x00000000c0004a8c        0x0
 *(.got.plt)
 .got.plt       0x00000000c0004a8c        0x0 build/main.o
 *(.igot.plt)
 .igot.plt      0x00000000c0004a8c        0x0 build/main.o

.data           0x00000000c0004a8c       0x8c
 *(.data .data.* .gnu.linkonce.d.*)
 .data          0x00000000c0004a8c        0x0 build/main.o
 .data          0x00000000c0004a8c        0x0 build/init.o
 .data          0x00000000c0004a8c        0x0 build/timer.o
 .data          0x00000000c0004a8c        0x0 build/thread.o
 .data          0x00000000c0004a8c        0x0 build/memory.o
 .data          0x00000000c0004a8c        0x0 build/bitmap.o
 .data          0x00000000c0004a8c        0x0 build/interrupt.o
 .data          0x00000000c0004a8c       0x84 build/kernel.o
                0x00000000c0004a8c                intr_entry_table
 .data          0x00000000c0004b10        0x8 build/print.o
 .data          0x00000000c0004b18        0x0 build/string.o
 .data          0x00000000c0004b18        0x0 build/debug.o
 .data          0x00000000c0004b18        0x0 build/list.o

.data1
 *(.data1)
                0x00000000c0004b18                _edata = .
                [!provide]                        PROVIDE (edata = .)
                0x00000000c0004b18                . = .
                0x00000000c0004b18                __bss_start = .

.bss            0x00000000c0004b20      0x2a8
 *(.dynbss)
 *(.bss .bss.* .gnu.linkonce.b.*)
 .bss           0x00000000c0004b20        0x0 build/main.o
 .bss           0x00000000c0004b20        0x0 build/init.o
 .bss           0x00000000c0004b20        0x4 build/timer.o
                0x00000000c0004b20                ticks
 .bss           0x00000000c0004b24       0x28 build/thread.o
                0x00000000c0004b24                main_thread
                0x00000000c0004b28                thread_ready_list
                0x00000000c0004b38                thread_all_list
 .bss           0x00000000c0004b4c       0x2c build/memory.o
                0x00000000c0004b4c                kernel_pool
                0x00000000c0004b5c                user_pool
                0x00000000c0004b6c                kernel_vaddr
 .bss           0x00000000c0004b78        0x0 build/bitmap.o
 *fill*         0x00000000c0004b78        0x8 
 .bss           0x00000000c0004b80      0x248 build/interrupt.o
                0x00000000c0004b80                intr_name
                0x00000000c0004c20                idt_table
 .bss           0x00000000c0004dc8        0x0 build/string.o
 .bss           0x00000000c0004dc8        0x0 build/debug.o
 .bss           0x00000000c0004dc8        0x0 build/list.o
 *(COMMON)
                0x00000000c0004dc8                . = ALIGN ((. != 0x0)?0x4:0x1)
                0x00000000c0004dc8                . = ALIGN (0x4)
                0x00000000c0004dc8                . = SEGMENT_START ("ldata-segment", .)
                0x00000000c0004dc8                . = ALIGN (0x4)
                0x00000000c0004dc8                _end = .
                [!provide]                        PROVIDE (end = .)
                0x00000000c0004dc8                . = DATA_SEGMENT_END (.)

.stab
 *(.stab)

.stabstr
 *(.stabstr)

.stab.excl
 *(.stab.excl)

.stab.exclstr
 *(.stab.exclstr)

.stab.index
 *(.stab.index)

.stab.indexstr
 *(.stab.indexstr)

.comment        0x0000000000000000       0x12
 *(.comment)
 .comment       0x0000000000000000       0x12 build/main.o
                                         0x13 (size before relaxing)
 .comment       0x0000000000000012       0x13 build/init.o
 .comment       0x0000000000000012       0x13 build/timer.o
 .comment       0x0000000000000012       0x13 build/thread.o
 .comment       0x0000000000000012       0x13 build/memory.o
 .comment       0x0000000000000012       0x13 build/bitmap.o
 .comment       0x0000000000000012       0x13 build/interrupt.o
 .comment       0x0000000000000012       0x13 build/string.o
 .comment       0x0000000000000012       0x13 build/debug.o
 .comment       0x0000000000000012       0x13 build/list.o

.debug
 *(.debug)

.line
 *(.line)

.debug_srcinfo
 *(.debug_srcinfo)

.debug_sfnames
 *(.debug_sfnames)

.debug_aranges
 *(.debug_aranges)

.debug_pubnames
 *(.debug_pubnames)

.debug_info
 *(.debug_info .gnu.linkonce.wi.*)

.debug_abbrev
 *(.debug_abbrev)

.debug_line
 *(.debug_line .debug_line.* .debug_line_end)

.debug_frame
 *(.debug_frame)

.debug_str
 *(.debug_str)

.debug_loc
 *(.debug_loc)

.debug_macinfo
 *(.debug_macinfo)

.debug_weaknames
 *(.debug_weaknames)

.debug_funcnames
 *(.debug_funcnames)

.debug_typenames
 *(.debug_typenames)

.debug_varnames
 *(.debug_varnames)

.debug_pubtypes
 *(.debug_pubtypes)

.debug_ranges
 *(.debug_ranges)

.debug_macro
 *(.debug_macro)

.debug_addr
 *(.debug_addr)

.gnu.attributes
 *(.gnu.attributes)

/DISCARD/
 *(.note.GNU-stack)
 *(.gnu_debuglink)
 *(.gnu.lto_*)
OUTPUT(build/kernel.bin elf32-i386)
