
Memory Configuration

Name             Origin             Length             Attributes
*default*        0x0000000000000000 0xffffffffffffffff

Linker script and memory map

Address of section .text set to 0xc0001500
LOAD build/main.o
LOAD build/init.o
LOAD build/interrupt.o
LOAD build/timer.o
LOAD build/kernel.o
LOAD build/print.o
LOAD build/debug.o
LOAD build/string.o
LOAD build/bitmap.o
LOAD build/memory.o
LOAD build/thread.o
LOAD build/list.o
LOAD build/switch.o
LOAD build/sync.o
LOAD build/console.o
LOAD build/keyboard.o
LOAD build/ioqueue.o
LOAD build/tss.o
LOAD build/process.o
LOAD build/syscall.o
LOAD build/syscall-init.o
LOAD build/fs.o
LOAD build/ide.o
LOAD build/stdio-kernel.o
LOAD build/stdio.o
                [!provide]                        PROVIDE (__executable_start = SEGMENT_START ("text-segment", 0x8048000))
                0x0000000008048074                . = (SEGMENT_START ("text-segment", 0x8048000) + SIZEOF_HEADERS)

.interp
 *(.interp)

.note.gnu.build-id
 *(.note.gnu.build-id)

.hash
 *(.hash)

.gnu.hash
 *(.gnu.hash)

.dynsym
 *(.dynsym)

.dynstr
 *(.dynstr)

.gnu.version
 *(.gnu.version)

.gnu.version_d
 *(.gnu.version_d)

.gnu.version_r
 *(.gnu.version_r)

.rel.dyn        0x0000000008048074        0x0
 *(.rel.init)
 *(.rel.text .rel.text.* .rel.gnu.linkonce.t.*)
 *(.rel.fini)
 *(.rel.rodata .rel.rodata.* .rel.gnu.linkonce.r.*)
 *(.rel.data.rel.ro .rel.data.rel.ro.* .rel.gnu.linkonce.d.rel.ro.*)
 *(.rel.data .rel.data.* .rel.gnu.linkonce.d.*)
 *(.rel.tdata .rel.tdata.* .rel.gnu.linkonce.td.*)
 *(.rel.tbss .rel.tbss.* .rel.gnu.linkonce.tb.*)
 *(.rel.ctors)
 *(.rel.dtors)
 *(.rel.got)
 .rel.got       0x0000000008048074        0x0 build/main.o
 *(.rel.bss .rel.bss.* .rel.gnu.linkonce.b.*)
 *(.rel.ifunc)

.rel.plt        0x0000000008048074        0x0
 *(.rel.plt)
                [!provide]                        PROVIDE (__rel_iplt_start = .)
 *(.rel.iplt)
 .rel.iplt      0x0000000008048074        0x0 build/main.o
                [!provide]                        PROVIDE (__rel_iplt_end = .)

.init
 *(SORT_NONE(.init))

.plt            0x0000000008048078        0x0
 *(.plt)
 *(.iplt)
 .iplt          0x0000000008048078        0x0 build/main.o

.plt.got
 *(.plt.got)

.plt.sec
 *(.plt.sec)

.text           0x00000000c0001500     0x58c3
 *(.text.unlikely .text.*_unlikely .text.unlikely.*)
 *(.text.exit .text.exit.*)
 *(.text.startup .text.startup.*)
 *(.text.hot .text.hot.*)
 *(.text .stub .text.* .gnu.linkonce.t.*)
 .text          0x00000000c0001500      0x322 build/main.o
                0x00000000c0001500                main
                0x00000000c0001528                k_thread_a
                0x00000000c000160c                k_thread_b
                0x00000000c00016f0                u_prog_a
                0x00000000c0001789                u_prog_b
 .text          0x00000000c0001822       0x4b build/init.o
                0x00000000c0001822                init_all
 .text          0x00000000c000186d      0x466 build/interrupt.o
                0x00000000c0001bc1                intr_get_status
                0x00000000c0001bde                intr_enable
                0x00000000c0001c07                intr_disable
                0x00000000c0001c30                intr_set_status
                0x00000000c0001c4b                register_handler
                0x00000000c0001c68                idt_init
 .text          0x00000000c0001cd3      0x1e8 build/timer.o
                0x00000000c0001df7                timer_init
                0x00000000c0001e70                mtime_sleep
 *fill*         0x00000000c0001ebb        0x5 
 .text          0x00000000c0001ec0      0x55b build/kernel.o
                0x00000000c0001ec0                intr_exit
                0x00000000c00023f7                syscall_handler
 *fill*         0x00000000c000241b        0x5 
 .text          0x00000000c0002420      0x172 build/print.o
                0x00000000c0002420                put_str
                0x00000000c000243e                put_char
                0x00000000c000250b                put_int
                0x00000000c000256e                set_cursor
 .text          0x00000000c0002592       0xd6 build/debug.o
                0x00000000c0002592                panic_spin
 .text          0x00000000c0002668      0x3ce build/string.o
                0x00000000c0002668                memset
                0x00000000c00026bb                memcpy
                0x00000000c000271c                memcmp
                0x00000000c000279f                strcpy
                0x00000000c00027f4                strlen
                0x00000000c000283b                strcmp
                0x00000000c00028b4                strchr
                0x00000000c000290c                strrchr
                0x00000000c000296a                strcat
                0x00000000c00029d4                strchrs
 .text          0x00000000c0002a36      0x1de build/bitmap.o
                0x00000000c0002a36                bitmap_init
                0x00000000c0002a59                bitmap_scan_test
                0x00000000c0002a98                bitmap_scan
                0x00000000c0002b5e                bitmap_set
 .text          0x00000000c0002c14     0x10ec build/memory.o
                0x00000000c0002f81                pde_ptr
                0x00000000c0002f9d                pte_ptr
                0x00000000c00030eb                malloc_page
                0x00000000c00031ad                get_kernel_pages
                0x00000000c0003208                get_user_pages
                0x00000000c000325d                get_a_page
                0x00000000c00033b8                block_desc_init
                0x00000000c0003474                sys_malloc
                0x00000000c00037a9                pfree
                0x00000000c00038db                mfree_page
                0x00000000c0003a9c                sys_free
                0x00000000c0003c83                mem_init
                0x00000000c0003cd4                addr_v2p
 .text          0x00000000c0003d00      0x6a1 build/thread.o
                0x00000000c0003d17                running_thread
                0x00000000c0003d87                thread_create
                0x00000000c0003dff                init_thread
                0x00000000c0003ea4                thread_start
                0x00000000c0003ffa                schedule
                0x00000000c0004147                thread_init
                0x00000000c00041c0                thread_block
                0x00000000c0004223                thread_unblock
                0x00000000c000431d                thread_yield
 .text          0x00000000c00043a1      0x1f1 build/list.o
                0x00000000c00043a1                list_init
                0x00000000c00043cf                list_insert_before
                0x00000000c0004414                list_push
                0x00000000c0004432                list_append
                0x00000000c0004450                list_remove
                0x00000000c000448a                list_pop
                0x00000000c00044ac                elem_find
                0x00000000c00044e7                list_traversal
                0x00000000c0004544                list_len
                0x00000000c0004579                list_empty
 *fill*         0x00000000c0004592        0xe 
 .text          0x00000000c00045a0       0x15 build/switch.o
                0x00000000c00045a0                switch_to
 .text          0x00000000c00045b5      0x311 build/sync.o
                0x00000000c00045b5                sema_init
                0x00000000c00045df                lock_init
                0x00000000c000460f                sema_down
                0x00000000c000470a                sema_up
                0x00000000c00047b9                lock_acquire
                0x00000000c000482e                lock_release
 .text          0x00000000c00048c6       0xb6 build/console.o
                0x00000000c00048c6                console_init
                0x00000000c00048df                console_acquire
                0x00000000c00048f8                console_release
                0x00000000c0004911                console_put_str
                0x00000000c0004932                console_put_char
                0x00000000c000495b                console_put_int
 .text          0x00000000c000497c      0x2e9 build/keyboard.o
                0x00000000c0004c1a                keyboard_init
 .text          0x00000000c0004c65      0x2e0 build/ioqueue.o
                0x00000000c0004c65                ioqueue_init
                0x00000000c0004cbf                ioq_full
                0x00000000c0004d09                ioq_empty
                0x00000000c0004dd4                ioq_getchar
                0x00000000c0004e8b                ioq_putchar
 .text          0x00000000c0004f45      0x18b build/tss.o
                0x00000000c0004f45                update_tss_esp
                0x00000000c0004fc0                tss_init
 .text          0x00000000c00050d0      0x363 build/process.o
                0x00000000c00050d0                create_user_vaddr_bitmap
                0x00000000c000511a                create_page_dir
                0x00000000c0005192                start_process
                0x00000000c0005297                page_dir_activate
                0x00000000c00052cc                process_activate
                0x00000000c000531a                process_execute
 .text          0x00000000c0005433       0x6d build/syscall.o
                0x00000000c0005433                getpid
                0x00000000c0005448                write
                0x00000000c0005466                malloc
                0x00000000c0005484                free
 .text          0x00000000c00054a0       0x89 build/syscall-init.o
                0x00000000c00054a0                sys_getpid
                0x00000000c00054b4                sys_write
                0x00000000c00054d8                syscall_init
 .text          0x00000000c0005529      0x815 build/fs.o
                0x00000000c0005b84                filesys_init
 .text          0x00000000c0005d3e      0xd84 build/ide.o
                0x00000000c000604f                ide_read
                0x00000000c00061c0                ide_write
                0x00000000c0006334                intr_hd_handler
                0x00000000c00068b6                ide_init
 .text          0x00000000c0006ac2       0x66 build/stdio-kernel.o
                0x00000000c0006ac2                printk
 .text          0x00000000c0006b28      0x29b build/stdio.o
                0x00000000c0006baf                vsprintf
                0x00000000c0006d2e                printf
                0x00000000c0006d93                sprintf
 *(.gnu.warning)

.fini
 *(SORT_NONE(.fini))
                [!provide]                        PROVIDE (__etext = .)
                [!provide]                        PROVIDE (_etext = .)
                [!provide]                        PROVIDE (etext = .)

.rodata         0x00000000c0006dc4     0x1309
 *(.rodata .rodata.* .gnu.linkonce.r.*)
 .rodata        0x00000000c0006dc4       0x88 build/main.o
 .rodata        0x00000000c0006e4c        0xa build/init.o
 *fill*         0x00000000c0006e56        0x2 
 .rodata        0x00000000c0006e58      0x2cd build/interrupt.o
 *fill*         0x00000000c0007125        0x3 
 .rodata        0x00000000c0007128       0x88 build/timer.o
 .rodata        0x00000000c00071b0       0x3f build/debug.o
 *fill*         0x00000000c00071ef        0x1 
 .rodata        0x00000000c00071f0       0xc4 build/string.o
 .rodata        0x00000000c00072b4       0x3f build/bitmap.o
 *fill*         0x00000000c00072f3        0x1 
 .rodata        0x00000000c00072f4      0x3bd build/memory.o
 *fill*         0x00000000c00076b1        0x3 
 .rodata        0x00000000c00076b4      0x2e1 build/thread.o
 *fill*         0x00000000c0007995        0x3 
 .rodata        0x00000000c0007998      0x135 build/sync.o
 .rodata        0x00000000c0007acd       0x36 build/keyboard.o
 *fill*         0x00000000c0007b03        0x1 
 .rodata        0x00000000c0007b04       0xa8 build/ioqueue.o
 .rodata        0x00000000c0007bac       0x27 build/tss.o
 *fill*         0x00000000c0007bd3        0x1 
 .rodata        0x00000000c0007bd4       0xe0 build/process.o
 .rodata        0x00000000c0007cb4       0x27 build/syscall-init.o
 *fill*         0x00000000c0007cdb        0x1 
 .rodata        0x00000000c0007cdc      0x1ed build/fs.o
 *fill*         0x00000000c0007ec9        0x3 
 .rodata        0x00000000c0007ecc      0x201 build/ide.o

.rodata1
 *(.rodata1)

.eh_frame_hdr
 *(.eh_frame_hdr)
 *(.eh_frame_entry .eh_frame_entry.*)

.eh_frame
 *(.eh_frame)
 *(.eh_frame.*)

.gcc_except_table
 *(.gcc_except_table .gcc_except_table.*)

.gnu_extab
 *(.gnu_extab*)

.exception_ranges
 *(.exception_ranges .exception_ranges*)
                0x00000000c00090cd                . = DATA_SEGMENT_ALIGN (CONSTANT (MAXPAGESIZE), CONSTANT (COMMONPAGESIZE))

.eh_frame
 *(.eh_frame)
 *(.eh_frame.*)

.gnu_extab
 *(.gnu_extab)

.gcc_except_table
 *(.gcc_except_table .gcc_except_table.*)

.exception_ranges
 *(.exception_ranges .exception_ranges*)

.tdata          0x00000000c00090cd        0x0
                [!provide]                        PROVIDE (__tdata_start = .)
 *(.tdata .tdata.* .gnu.linkonce.td.*)

.tbss
 *(.tbss .tbss.* .gnu.linkonce.tb.*)
 *(.tcommon)

.preinit_array  0x00000000c00090cd        0x0
                [!provide]                        PROVIDE (__preinit_array_start = .)
 *(.preinit_array)
                [!provide]                        PROVIDE (__preinit_array_end = .)

.init_array     0x00000000c00090cd        0x0
                [!provide]                        PROVIDE (__init_array_start = .)
 *(SORT_BY_INIT_PRIORITY(.init_array.*) SORT_BY_INIT_PRIORITY(.ctors.*))
 *(.init_array EXCLUDE_FILE(*crtend?.o *crtend.o *crtbegin?.o *crtbegin.o) .ctors)
                [!provide]                        PROVIDE (__init_array_end = .)

.fini_array     0x00000000c00090cd        0x0
                [!provide]                        PROVIDE (__fini_array_start = .)
 *(SORT_BY_INIT_PRIORITY(.fini_array.*) SORT_BY_INIT_PRIORITY(.dtors.*))
 *(.fini_array EXCLUDE_FILE(*crtend?.o *crtend.o *crtbegin?.o *crtbegin.o) .dtors)
                [!provide]                        PROVIDE (__fini_array_end = .)

.ctors
 *crtbegin.o(.ctors)
 *crtbegin?.o(.ctors)
 *(EXCLUDE_FILE(*crtend?.o *crtend.o) .ctors)
 *(SORT_BY_NAME(.ctors.*))
 *(.ctors)

.dtors
 *crtbegin.o(.dtors)
 *crtbegin?.o(.dtors)
 *(EXCLUDE_FILE(*crtend?.o *crtend.o) .dtors)
 *(SORT_BY_NAME(.dtors.*))
 *(.dtors)

.jcr
 *(.jcr)

.data.rel.ro
 *(.data.rel.ro.local* .gnu.linkonce.d.rel.ro.local.*)
 *(.data.rel.ro .data.rel.ro.* .gnu.linkonce.d.rel.ro.*)

.dynamic
 *(.dynamic)

.got            0x00000000c00090d0        0x0
 *(.got)
 .got           0x00000000c00090d0        0x0 build/main.o
 *(.igot)
                0x00000000c00090d0                . = DATA_SEGMENT_RELRO_END (., (SIZEOF (.got.plt) >= 0xc)?0xc:0x0)

.got.plt        0x00000000c00090d0        0x0
 *(.got.plt)
 .got.plt       0x00000000c00090d0        0x0 build/main.o
 *(.igot.plt)
 .igot.plt      0x00000000c00090d0        0x0 build/main.o

.data           0x00000000c00090e0      0x156
 *(.data .data.* .gnu.linkonce.d.*)
 .data          0x00000000c00090e0        0x0 build/main.o
 .data          0x00000000c00090e0        0x0 build/init.o
 .data          0x00000000c00090e0        0x0 build/interrupt.o
 .data          0x00000000c00090e0        0x0 build/timer.o
 .data          0x00000000c00090e0       0xc0 build/kernel.o
                0x00000000c00090e0                intr_entry_table
 .data          0x00000000c00091a0        0x8 build/print.o
 .data          0x00000000c00091a8        0x0 build/debug.o
 .data          0x00000000c00091a8        0x0 build/string.o
 .data          0x00000000c00091a8        0x0 build/bitmap.o
 .data          0x00000000c00091a8        0x0 build/memory.o
 .data          0x00000000c00091a8        0x0 build/thread.o
 .data          0x00000000c00091a8        0x0 build/list.o
 .data          0x00000000c00091a8        0x0 build/sync.o
 .data          0x00000000c00091a8        0x0 build/console.o
 *fill*         0x00000000c00091a8       0x18 
 .data          0x00000000c00091c0       0x76 build/keyboard.o
                0x00000000c00091c0                keymap
 .data          0x00000000c0009236        0x0 build/ioqueue.o
 .data          0x00000000c0009236        0x0 build/tss.o
 .data          0x00000000c0009236        0x0 build/process.o
 .data          0x00000000c0009236        0x0 build/syscall.o
 .data          0x00000000c0009236        0x0 build/syscall-init.o
 .data          0x00000000c0009236        0x0 build/fs.o
 .data          0x00000000c0009236        0x0 build/ide.o
 .data          0x00000000c0009236        0x0 build/stdio-kernel.o
 .data          0x00000000c0009236        0x0 build/stdio.o

.data1
 *(.data1)
                0x00000000c0009236                _edata = .
                [!provide]                        PROVIDE (edata = .)
                0x00000000c0009236                . = .
                0x00000000c0009236                __bss_start = .

.bss            0x00000000c0009240     0x18b8
 *(.dynbss)
 *(.bss .bss.* .gnu.linkonce.b.*)
 .bss           0x00000000c0009240        0x0 build/main.o
 .bss           0x00000000c0009240        0x0 build/init.o
 .bss           0x00000000c0009240      0x848 build/interrupt.o
                0x00000000c0009240                intr_name
                0x00000000c0009460                idt_table
 .bss           0x00000000c0009a88        0x4 build/timer.o
                0x00000000c0009a88                ticks
 .bss           0x00000000c0009a8c        0x0 build/debug.o
 .bss           0x00000000c0009a8c        0x0 build/string.o
 .bss           0x00000000c0009a8c        0x0 build/bitmap.o
 *fill*         0x00000000c0009a8c       0x14 
 .bss           0x00000000c0009aa0      0x138 build/memory.o
                0x00000000c0009aa0                k_block_descs
                0x00000000c0009b60                kernel_pool
                0x00000000c0009ba0                user_pool
                0x00000000c0009bcc                kernel_vaddr
 .bss           0x00000000c0009bd8       0x4a build/thread.o
                0x00000000c0009bd8                main_thread
                0x00000000c0009bdc                idle_thread
                0x00000000c0009be0                thread_ready_list
                0x00000000c0009bf0                thread_all_list
                0x00000000c0009c00                pid_lock
 .bss           0x00000000c0009c22        0x0 build/list.o
 .bss           0x00000000c0009c22        0x0 build/sync.o
 *fill*         0x00000000c0009c22        0x2 
 .bss           0x00000000c0009c24       0x1c build/console.o
 .bss           0x00000000c0009c40       0x8c build/keyboard.o
                0x00000000c0009c40                ctrl_status
                0x00000000c0009c44                shift_status
                0x00000000c0009c48                alt_status
                0x00000000c0009c4c                caps_lock_status
                0x00000000c0009c50                ext_scancode
                0x00000000c0009c60                kbd_buf
 .bss           0x00000000c0009ccc        0x0 build/ioqueue.o
 *fill*         0x00000000c0009ccc       0x14 
 .bss           0x00000000c0009ce0       0x68 build/tss.o
 .bss           0x00000000c0009d48        0x0 build/process.o
 .bss           0x00000000c0009d48        0x0 build/syscall.o
 *fill*         0x00000000c0009d48       0x18 
 .bss           0x00000000c0009d60       0x80 build/syscall-init.o
                0x00000000c0009d60                syscall_table
 .bss           0x00000000c0009de0        0x4 build/fs.o
                0x00000000c0009de0                cur_part
 *fill*         0x00000000c0009de4       0x1c 
 .bss           0x00000000c0009e00      0xcf8 build/ide.o
                0x00000000c0009e00                channel_cnt
                0x00000000c0009e20                channels
                0x00000000c000aae0                ext_lba_base
                0x00000000c000aae4                p_no
                0x00000000c000aae5                l_no
                0x00000000c000aae8                partition_list
 .bss           0x00000000c000aaf8        0x0 build/stdio-kernel.o
 .bss           0x00000000c000aaf8        0x0 build/stdio.o
 *(COMMON)
                0x00000000c000aaf8                . = ALIGN ((. != 0x0)?0x4:0x1)
                0x00000000c000aaf8                . = ALIGN (0x4)
                0x00000000c000aaf8                . = SEGMENT_START ("ldata-segment", .)
                0x00000000c000aaf8                . = ALIGN (0x4)
                0x00000000c000aaf8                _end = .
                [!provide]                        PROVIDE (end = .)
                0x00000000c000aaf8                . = DATA_SEGMENT_END (.)

.stab
 *(.stab)

.stabstr
 *(.stabstr)

.stab.excl
 *(.stab.excl)

.stab.exclstr
 *(.stab.exclstr)

.stab.index
 *(.stab.index)

.stab.indexstr
 *(.stab.indexstr)

.comment        0x0000000000000000       0x12
 *(.comment)
 .comment       0x0000000000000000       0x12 build/main.o
                                         0x13 (size before relaxing)
 .comment       0x0000000000000012       0x13 build/init.o
 .comment       0x0000000000000012       0x13 build/interrupt.o
 .comment       0x0000000000000012       0x13 build/timer.o
 .comment       0x0000000000000012       0x13 build/debug.o
 .comment       0x0000000000000012       0x13 build/string.o
 .comment       0x0000000000000012       0x13 build/bitmap.o
 .comment       0x0000000000000012       0x13 build/memory.o
 .comment       0x0000000000000012       0x13 build/thread.o
 .comment       0x0000000000000012       0x13 build/list.o
 .comment       0x0000000000000012       0x13 build/sync.o
 .comment       0x0000000000000012       0x13 build/console.o
 .comment       0x0000000000000012       0x13 build/keyboard.o
 .comment       0x0000000000000012       0x13 build/ioqueue.o
 .comment       0x0000000000000012       0x13 build/tss.o
 .comment       0x0000000000000012       0x13 build/process.o
 .comment       0x0000000000000012       0x13 build/syscall.o
 .comment       0x0000000000000012       0x13 build/syscall-init.o
 .comment       0x0000000000000012       0x13 build/fs.o
 .comment       0x0000000000000012       0x13 build/ide.o
 .comment       0x0000000000000012       0x13 build/stdio-kernel.o
 .comment       0x0000000000000012       0x13 build/stdio.o

.debug
 *(.debug)

.line
 *(.line)

.debug_srcinfo
 *(.debug_srcinfo)

.debug_sfnames
 *(.debug_sfnames)

.debug_aranges
 *(.debug_aranges)

.debug_pubnames
 *(.debug_pubnames)

.debug_info
 *(.debug_info .gnu.linkonce.wi.*)

.debug_abbrev
 *(.debug_abbrev)

.debug_line
 *(.debug_line .debug_line.* .debug_line_end)

.debug_frame
 *(.debug_frame)

.debug_str
 *(.debug_str)

.debug_loc
 *(.debug_loc)

.debug_macinfo
 *(.debug_macinfo)

.debug_weaknames
 *(.debug_weaknames)

.debug_funcnames
 *(.debug_funcnames)

.debug_typenames
 *(.debug_typenames)

.debug_varnames
 *(.debug_varnames)

.debug_pubtypes
 *(.debug_pubtypes)

.debug_ranges
 *(.debug_ranges)

.debug_macro
 *(.debug_macro)

.debug_addr
 *(.debug_addr)

.gnu.attributes
 *(.gnu.attributes)

/DISCARD/
 *(.note.GNU-stack)
 *(.gnu_debuglink)
 *(.gnu.lto_*)
OUTPUT(build/kernel.bin elf32-i386)
