
Memory Configuration

Name             Origin             Length             Attributes
*default*        0x0000000000000000 0xffffffffffffffff

Linker script and memory map

Address of section .text set to 0xc0001500
LOAD build/main.o
LOAD build/init.o
LOAD build/timer.o
LOAD build/thread.o
LOAD build/memory.o
LOAD build/bitmap.o
LOAD build/console.o
LOAD build/sync.o
LOAD build/keyboard.o
LOAD build/interrupt.o
LOAD build/kernel.o
LOAD build/print.o
LOAD build/string.o
LOAD build/debug.o
LOAD build/list.o
LOAD build/switch.o
                [!provide]                        PROVIDE (__executable_start = SEGMENT_START ("text-segment", 0x8048000))
                0x0000000008048074                . = (SEGMENT_START ("text-segment", 0x8048000) + SIZEOF_HEADERS)

.interp
 *(.interp)

.note.gnu.build-id
 *(.note.gnu.build-id)

.hash
 *(.hash)

.gnu.hash
 *(.gnu.hash)

.dynsym
 *(.dynsym)

.dynstr
 *(.dynstr)

.gnu.version
 *(.gnu.version)

.gnu.version_d
 *(.gnu.version_d)

.gnu.version_r
 *(.gnu.version_r)

.rel.dyn        0x0000000008048074        0x0
 *(.rel.init)
 *(.rel.text .rel.text.* .rel.gnu.linkonce.t.*)
 *(.rel.fini)
 *(.rel.rodata .rel.rodata.* .rel.gnu.linkonce.r.*)
 *(.rel.data.rel.ro .rel.data.rel.ro.* .rel.gnu.linkonce.d.rel.ro.*)
 *(.rel.data .rel.data.* .rel.gnu.linkonce.d.*)
 *(.rel.tdata .rel.tdata.* .rel.gnu.linkonce.td.*)
 *(.rel.tbss .rel.tbss.* .rel.gnu.linkonce.tb.*)
 *(.rel.ctors)
 *(.rel.dtors)
 *(.rel.got)
 .rel.got       0x0000000008048074        0x0 build/main.o
 *(.rel.bss .rel.bss.* .rel.gnu.linkonce.b.*)
 *(.rel.ifunc)

.rel.plt        0x0000000008048074        0x0
 *(.rel.plt)
                [!provide]                        PROVIDE (__rel_iplt_start = .)
 *(.rel.iplt)
 .rel.iplt      0x0000000008048074        0x0 build/main.o
                [!provide]                        PROVIDE (__rel_iplt_end = .)

.init
 *(SORT_NONE(.init))

.plt            0x0000000008048078        0x0
 *(.plt)
 *(.iplt)
 .iplt          0x0000000008048078        0x0 build/main.o

.plt.got
 *(.plt.got)

.plt.sec
 *(.plt.sec)

.text           0x00000000c0001500     0x26f5
 *(.text.unlikely .text.*_unlikely .text.unlikely.*)
 *(.text.exit .text.exit.*)
 *(.text.startup .text.startup.*)
 *(.text.hot .text.hot.*)
 *(.text .stub .text.* .gnu.linkonce.t.*)
 .text          0x00000000c0001500       0x90 build/main.o
                0x00000000c0001500                main
                0x00000000c000152e                k_thread_a
                0x00000000c000155f                k_thread_b
 .text          0x00000000c0001590       0x37 build/init.o
                0x00000000c0001590                init_all
 .text          0x00000000c00015c7      0x174 build/timer.o
                0x00000000c00016e8                timer_init
 .text          0x00000000c000173b      0x54a build/thread.o
                0x00000000c000173b                running_thread
                0x00000000c000176c                thread_create
                0x00000000c00017e3                init_thread
                0x00000000c0001876                thread_start
                0x00000000c00019c9                schedule
                0x00000000c0001ada                thread_init
                0x00000000c0001b28                thread_block
                0x00000000c0001b8b                thread_unblock
 .text          0x00000000c0001c85      0x545 build/memory.o
                0x00000000c0001d5c                pde_ptr
                0x00000000c0001d78                pte_ptr
                0x00000000c0001eb4                malloc_page
                0x00000000c0001f73                get_kernel_pages
                0x00000000c0002189                mem_init
 .text          0x00000000c00021ca      0x24a build/bitmap.o
                0x00000000c00021ca                bitmap_init
                0x00000000c00021ed                bitmap_scan_test
                0x00000000c000222c                bitmap_scan
                0x00000000c000235c                bitmap_set
 .text          0x00000000c0002414       0xb6 build/console.o
                0x00000000c0002414                console_init
                0x00000000c000242d                console_acquire
                0x00000000c0002446                console_release
                0x00000000c000245f                console_put_str
                0x00000000c0002480                console_put_char
                0x00000000c00024a9                console_put_int
 .text          0x00000000c00024ca      0x311 build/sync.o
                0x00000000c00024ca                sema_init
                0x00000000c00024f4                lock_init
                0x00000000c0002524                sema_down
                0x00000000c000261f                sema_up
                0x00000000c00026ce                lock_acquire
                0x00000000c0002743                lock_release
 .text          0x00000000c00027db      0x275 build/keyboard.o
                0x00000000c0002a15                keyboard_init
 .text          0x00000000c0002a50      0x435 build/interrupt.o
                0x00000000c0002c7d                register_handler
                0x00000000c0002d90                intr_get_status
                0x00000000c0002dad                intr_enable
                0x00000000c0002dd6                intr_disable
                0x00000000c0002dff                intr_set_status
                0x00000000c0002e1a                idt_init
 *fill*         0x00000000c0002e85        0xb 
 .text          0x00000000c0002e90      0x537 build/kernel.o
                0x00000000c0002e90                intr_exit
 *fill*         0x00000000c00033c7        0x9 
 .text          0x00000000c00033d0      0x172 build/print.o
                0x00000000c00033d0                put_str
                0x00000000c00033ee                put_char
                0x00000000c00034bb                put_int
                0x00000000c000351e                set_cursor
 .text          0x00000000c0003542      0x3c8 build/string.o
                0x00000000c0003542                memset
                0x00000000c0003595                memcpy
                0x00000000c00035f6                memcmp
                0x00000000c0003679                strcpy
                0x00000000c00036ce                strlen
                0x00000000c0003715                strcmp
                0x00000000c000378e                strchr
                0x00000000c00037e6                strrchr
                0x00000000c0003844                strcat
                0x00000000c00038ae                strchrs
 .text          0x00000000c000390a       0xd7 build/debug.o
                0x00000000c000390a                panic_spin
 .text          0x00000000c00039e1      0x1f1 build/list.o
                0x00000000c00039e1                list_init
                0x00000000c0003a0f                list_insert_before
                0x00000000c0003a54                list_push
                0x00000000c0003a72                list_append
                0x00000000c0003a90                list_remove
                0x00000000c0003aca                list_pop
                0x00000000c0003aec                elem_find
                0x00000000c0003b27                list_traversal
                0x00000000c0003b84                list_len
                0x00000000c0003bb9                list_empty
 *fill*         0x00000000c0003bd2        0xe 
 .text          0x00000000c0003be0       0x15 build/switch.o
                0x00000000c0003be0                switch_to
 *(.gnu.warning)

.fini
 *(SORT_NONE(.fini))
                [!provide]                        PROVIDE (__etext = .)
                [!provide]                        PROVIDE (_etext = .)
                [!provide]                        PROVIDE (etext = .)

.rodata         0x00000000c0003bf8      0xa0c
 *(.rodata .rodata.* .gnu.linkonce.r.*)
 .rodata        0x00000000c0003bf8       0x11 build/main.o
 .rodata        0x00000000c0003c09        0xf build/init.o
 .rodata        0x00000000c0003c18       0x6b build/timer.o
 *fill*         0x00000000c0003c83        0x1 
 .rodata        0x00000000c0003c84      0x2af build/thread.o
 *fill*         0x00000000c0003f33        0x1 
 .rodata        0x00000000c0003f34      0x12c build/memory.o
 .rodata        0x00000000c0004060       0x6b build/bitmap.o
 *fill*         0x00000000c00040cb        0x1 
 .rodata        0x00000000c00040cc      0x135 build/sync.o
 .rodata        0x00000000c0004201       0x34 build/keyboard.o
 *fill*         0x00000000c0004235        0x3 
 .rodata        0x00000000c0004238      0x2c5 build/interrupt.o
 *fill*         0x00000000c00044fd        0x3 
 .rodata        0x00000000c0004500       0xcc build/string.o
 .rodata        0x00000000c00045cc       0x38 build/debug.o

.rodata1
 *(.rodata1)

.eh_frame_hdr
 *(.eh_frame_hdr)
 *(.eh_frame_entry .eh_frame_entry.*)

.eh_frame
 *(.eh_frame)
 *(.eh_frame.*)

.gcc_except_table
 *(.gcc_except_table .gcc_except_table.*)

.gnu_extab
 *(.gnu_extab*)

.exception_ranges
 *(.exception_ranges .exception_ranges*)
                0x00000000c0005604                . = DATA_SEGMENT_ALIGN (CONSTANT (MAXPAGESIZE), CONSTANT (COMMONPAGESIZE))

.eh_frame
 *(.eh_frame)
 *(.eh_frame.*)

.gnu_extab
 *(.gnu_extab)

.gcc_except_table
 *(.gcc_except_table .gcc_except_table.*)

.exception_ranges
 *(.exception_ranges .exception_ranges*)

.tdata          0x00000000c0005604        0x0
                [!provide]                        PROVIDE (__tdata_start = .)
 *(.tdata .tdata.* .gnu.linkonce.td.*)

.tbss
 *(.tbss .tbss.* .gnu.linkonce.tb.*)
 *(.tcommon)

.preinit_array  0x00000000c0005604        0x0
                [!provide]                        PROVIDE (__preinit_array_start = .)
 *(.preinit_array)
                [!provide]                        PROVIDE (__preinit_array_end = .)

.init_array     0x00000000c0005604        0x0
                [!provide]                        PROVIDE (__init_array_start = .)
 *(SORT_BY_INIT_PRIORITY(.init_array.*) SORT_BY_INIT_PRIORITY(.ctors.*))
 *(.init_array EXCLUDE_FILE(*crtend?.o *crtend.o *crtbegin?.o *crtbegin.o) .ctors)
                [!provide]                        PROVIDE (__init_array_end = .)

.fini_array     0x00000000c0005604        0x0
                [!provide]                        PROVIDE (__fini_array_start = .)
 *(SORT_BY_INIT_PRIORITY(.fini_array.*) SORT_BY_INIT_PRIORITY(.dtors.*))
 *(.fini_array EXCLUDE_FILE(*crtend?.o *crtend.o *crtbegin?.o *crtbegin.o) .dtors)
                [!provide]                        PROVIDE (__fini_array_end = .)

.ctors
 *crtbegin.o(.ctors)
 *crtbegin?.o(.ctors)
 *(EXCLUDE_FILE(*crtend?.o *crtend.o) .ctors)
 *(SORT_BY_NAME(.ctors.*))
 *(.ctors)

.dtors
 *crtbegin.o(.dtors)
 *crtbegin?.o(.dtors)
 *(EXCLUDE_FILE(*crtend?.o *crtend.o) .dtors)
 *(SORT_BY_NAME(.dtors.*))
 *(.dtors)

.jcr
 *(.jcr)

.data.rel.ro
 *(.data.rel.ro.local* .gnu.linkonce.d.rel.ro.local.*)
 *(.data.rel.ro .data.rel.ro.* .gnu.linkonce.d.rel.ro.*)

.dynamic
 *(.dynamic)

.got            0x00000000c0005604        0x0
 *(.got)
 .got           0x00000000c0005604        0x0 build/main.o
 *(.igot)
                0x00000000c0005604                . = DATA_SEGMENT_RELRO_END (., (SIZEOF (.got.plt) >= 0xc)?0xc:0x0)

.got.plt        0x00000000c0005604        0x0
 *(.got.plt)
 .got.plt       0x00000000c0005604        0x0 build/main.o
 *(.igot.plt)
 .igot.plt      0x00000000c0005604        0x0 build/main.o

.data           0x00000000c0005620      0x140
 *(.data .data.* .gnu.linkonce.d.*)
 .data          0x00000000c0005620        0x0 build/main.o
 .data          0x00000000c0005620        0x0 build/init.o
 .data          0x00000000c0005620        0x0 build/timer.o
 .data          0x00000000c0005620        0x0 build/thread.o
 .data          0x00000000c0005620        0x0 build/memory.o
 .data          0x00000000c0005620        0x0 build/bitmap.o
 .data          0x00000000c0005620        0x0 build/console.o
 .data          0x00000000c0005620        0x0 build/sync.o
 .data          0x00000000c0005620       0x76 build/keyboard.o
                0x00000000c0005620                keymap
 .data          0x00000000c0005696        0x0 build/interrupt.o
 *fill*         0x00000000c0005696        0x2 
 .data          0x00000000c0005698       0xc0 build/kernel.o
                0x00000000c0005698                intr_entry_table
 .data          0x00000000c0005758        0x8 build/print.o
 .data          0x00000000c0005760        0x0 build/string.o
 .data          0x00000000c0005760        0x0 build/debug.o
 .data          0x00000000c0005760        0x0 build/list.o

.data1
 *(.data1)
                0x00000000c0005760                _edata = .
                [!provide]                        PROVIDE (edata = .)
                0x00000000c0005760                . = .
                0x00000000c0005760                __bss_start = .

.bss            0x00000000c0005760      0x3a0
 *(.dynbss)
 *(.bss .bss.* .gnu.linkonce.b.*)
 .bss           0x00000000c0005760        0x0 build/main.o
 .bss           0x00000000c0005760        0x0 build/init.o
 .bss           0x00000000c0005760        0x4 build/timer.o
                0x00000000c0005760                ticks
 .bss           0x00000000c0005764       0x28 build/thread.o
                0x00000000c0005764                main_thread
                0x00000000c0005768                thread_ready_list
                0x00000000c0005778                thread_all_list
 .bss           0x00000000c000578c       0x2c build/memory.o
                0x00000000c000578c                kernel_pool
                0x00000000c000579c                user_pool
                0x00000000c00057ac                kernel_vaddr
 .bss           0x00000000c00057b8        0x0 build/bitmap.o
 .bss           0x00000000c00057b8       0x1c build/console.o
 .bss           0x00000000c00057d4        0x0 build/sync.o
 .bss           0x00000000c00057d4       0x14 build/keyboard.o
                0x00000000c00057d4                ctrl_status
                0x00000000c00057d8                shift_status
                0x00000000c00057dc                alt_status
                0x00000000c00057e0                caps_lock_status
                0x00000000c00057e4                ext_scancode
 *fill*         0x00000000c00057e8       0x18 
 .bss           0x00000000c0005800      0x300 build/interrupt.o
                0x00000000c0005800                intr_name
                0x00000000c00058c0                idt_table
 .bss           0x00000000c0005b00        0x0 build/string.o
 .bss           0x00000000c0005b00        0x0 build/debug.o
 .bss           0x00000000c0005b00        0x0 build/list.o
 *(COMMON)
                0x00000000c0005b00                . = ALIGN ((. != 0x0)?0x4:0x1)
                0x00000000c0005b00                . = ALIGN (0x4)
                0x00000000c0005b00                . = SEGMENT_START ("ldata-segment", .)
                0x00000000c0005b00                . = ALIGN (0x4)
                0x00000000c0005b00                _end = .
                [!provide]                        PROVIDE (end = .)
                0x00000000c0005b00                . = DATA_SEGMENT_END (.)

.stab
 *(.stab)

.stabstr
 *(.stabstr)

.stab.excl
 *(.stab.excl)

.stab.exclstr
 *(.stab.exclstr)

.stab.index
 *(.stab.index)

.stab.indexstr
 *(.stab.indexstr)

.comment        0x0000000000000000       0x12
 *(.comment)
 .comment       0x0000000000000000       0x12 build/main.o
                                         0x13 (size before relaxing)
 .comment       0x0000000000000012       0x13 build/init.o
 .comment       0x0000000000000012       0x13 build/timer.o
 .comment       0x0000000000000012       0x13 build/thread.o
 .comment       0x0000000000000012       0x13 build/memory.o
 .comment       0x0000000000000012       0x13 build/bitmap.o
 .comment       0x0000000000000012       0x13 build/console.o
 .comment       0x0000000000000012       0x13 build/sync.o
 .comment       0x0000000000000012       0x13 build/keyboard.o
 .comment       0x0000000000000012       0x13 build/interrupt.o
 .comment       0x0000000000000012       0x13 build/string.o
 .comment       0x0000000000000012       0x13 build/debug.o
 .comment       0x0000000000000012       0x13 build/list.o

.debug
 *(.debug)

.line
 *(.line)

.debug_srcinfo
 *(.debug_srcinfo)

.debug_sfnames
 *(.debug_sfnames)

.debug_aranges
 *(.debug_aranges)

.debug_pubnames
 *(.debug_pubnames)

.debug_info
 *(.debug_info .gnu.linkonce.wi.*)

.debug_abbrev
 *(.debug_abbrev)

.debug_line
 *(.debug_line .debug_line.* .debug_line_end)

.debug_frame
 *(.debug_frame)

.debug_str
 *(.debug_str)

.debug_loc
 *(.debug_loc)

.debug_macinfo
 *(.debug_macinfo)

.debug_weaknames
 *(.debug_weaknames)

.debug_funcnames
 *(.debug_funcnames)

.debug_typenames
 *(.debug_typenames)

.debug_varnames
 *(.debug_varnames)

.debug_pubtypes
 *(.debug_pubtypes)

.debug_ranges
 *(.debug_ranges)

.debug_macro
 *(.debug_macro)

.debug_addr
 *(.debug_addr)

.gnu.attributes
 *(.gnu.attributes)

/DISCARD/
 *(.note.GNU-stack)
 *(.gnu_debuglink)
 *(.gnu.lto_*)
OUTPUT(build/kernel.bin elf32-i386)
