
Memory Configuration

Name             Origin             Length             Attributes
*default*        0x0000000000000000 0xffffffffffffffff

Linker script and memory map

Address of section .text set to 0xc0001500
LOAD build/main.o
LOAD build/init.o
LOAD build/interrupt.o
LOAD build/timer.o
LOAD build/kernel.o
LOAD build/print.o
LOAD build/debug.o
LOAD build/string.o
LOAD build/bitmap.o
LOAD build/memory.o
LOAD build/thread.o
LOAD build/list.o
LOAD build/switch.o
LOAD build/sync.o
LOAD build/console.o
LOAD build/keyboard.o
LOAD build/ioqueue.o
LOAD build/tss.o
LOAD build/process.o
LOAD build/syscall.o
LOAD build/syscall-init.o
LOAD build/stdio.o
                [!provide]                        PROVIDE (__executable_start = SEGMENT_START ("text-segment", 0x8048000))
                0x0000000008048074                . = (SEGMENT_START ("text-segment", 0x8048000) + SIZEOF_HEADERS)

.interp
 *(.interp)

.note.gnu.build-id
 *(.note.gnu.build-id)

.hash
 *(.hash)

.gnu.hash
 *(.gnu.hash)

.dynsym
 *(.dynsym)

.dynstr
 *(.dynstr)

.gnu.version
 *(.gnu.version)

.gnu.version_d
 *(.gnu.version_d)

.gnu.version_r
 *(.gnu.version_r)

.rel.dyn        0x0000000008048074        0x0
 *(.rel.init)
 *(.rel.text .rel.text.* .rel.gnu.linkonce.t.*)
 *(.rel.fini)
 *(.rel.rodata .rel.rodata.* .rel.gnu.linkonce.r.*)
 *(.rel.data.rel.ro .rel.data.rel.ro.* .rel.gnu.linkonce.d.rel.ro.*)
 *(.rel.data .rel.data.* .rel.gnu.linkonce.d.*)
 *(.rel.tdata .rel.tdata.* .rel.gnu.linkonce.td.*)
 *(.rel.tbss .rel.tbss.* .rel.gnu.linkonce.tb.*)
 *(.rel.ctors)
 *(.rel.dtors)
 *(.rel.got)
 .rel.got       0x0000000008048074        0x0 build/main.o
 *(.rel.bss .rel.bss.* .rel.gnu.linkonce.b.*)
 *(.rel.ifunc)

.rel.plt        0x0000000008048074        0x0
 *(.rel.plt)
                [!provide]                        PROVIDE (__rel_iplt_start = .)
 *(.rel.iplt)
 .rel.iplt      0x0000000008048074        0x0 build/main.o
                [!provide]                        PROVIDE (__rel_iplt_end = .)

.init
 *(SORT_NONE(.init))

.plt            0x0000000008048078        0x0
 *(.plt)
 *(.iplt)
 .iplt          0x0000000008048078        0x0 build/main.o

.plt.got
 *(.plt.got)

.plt.sec
 *(.plt.sec)

.text           0x00000000c0001500     0x41a4
 *(.text.unlikely .text.*_unlikely .text.unlikely.*)
 *(.text.exit .text.exit.*)
 *(.text.startup .text.startup.*)
 *(.text.hot .text.hot.*)
 *(.text .stub .text.* .gnu.linkonce.t.*)
 .text          0x00000000c0001500      0x383 build/main.o
                0x00000000c0001500                main
                0x00000000c0001589                k_thread_a
                0x00000000c000166d                k_thread_b
                0x00000000c0001751                u_prog_a
                0x00000000c00017ea                u_prog_b
 .text          0x00000000c0001883       0x41 build/init.o
                0x00000000c0001883                init_all
 .text          0x00000000c00018c4      0x466 build/interrupt.o
                0x00000000c0001c18                intr_get_status
                0x00000000c0001c35                intr_enable
                0x00000000c0001c5e                intr_disable
                0x00000000c0001c87                intr_set_status
                0x00000000c0001ca2                register_handler
                0x00000000c0001cbf                idt_init
 .text          0x00000000c0001d2a      0x177 build/timer.o
                0x00000000c0001e4e                timer_init
 *fill*         0x00000000c0001ea1        0xf 
 .text          0x00000000c0001eb0      0x55b build/kernel.o
                0x00000000c0001eb0                intr_exit
                0x00000000c00023e7                syscall_handler
 *fill*         0x00000000c000240b        0x5 
 .text          0x00000000c0002410      0x172 build/print.o
                0x00000000c0002410                put_str
                0x00000000c000242e                put_char
                0x00000000c00024fb                put_int
                0x00000000c000255e                set_cursor
 .text          0x00000000c0002582       0xd6 build/debug.o
                0x00000000c0002582                panic_spin
 .text          0x00000000c0002658      0x3ce build/string.o
                0x00000000c0002658                memset
                0x00000000c00026ab                memcpy
                0x00000000c000270c                memcmp
                0x00000000c000278f                strcpy
                0x00000000c00027e4                strlen
                0x00000000c000282b                strcmp
                0x00000000c00028a4                strchr
                0x00000000c00028fc                strrchr
                0x00000000c000295a                strcat
                0x00000000c00029c4                strchrs
 .text          0x00000000c0002a26      0x1de build/bitmap.o
                0x00000000c0002a26                bitmap_init
                0x00000000c0002a49                bitmap_scan_test
                0x00000000c0002a88                bitmap_scan
                0x00000000c0002b4e                bitmap_set
 .text          0x00000000c0002c04     0x10ec build/memory.o
                0x00000000c0002f71                pde_ptr
                0x00000000c0002f8d                pte_ptr
                0x00000000c00030db                malloc_page
                0x00000000c000319d                get_kernel_pages
                0x00000000c00031f8                get_user_pages
                0x00000000c000324d                get_a_page
                0x00000000c00033a8                block_desc_init
                0x00000000c0003464                sys_malloc
                0x00000000c0003799                pfree
                0x00000000c00038cb                mfree_page
                0x00000000c0003a8c                sys_free
                0x00000000c0003c73                mem_init
                0x00000000c0003cc4                addr_v2p
 .text          0x00000000c0003cf0      0x5c0 build/thread.o
                0x00000000c0003cf0                running_thread
                0x00000000c0003d60                thread_create
                0x00000000c0003dd8                init_thread
                0x00000000c0003e7d                thread_start
                0x00000000c0003fd0                schedule
                0x00000000c00040f5                thread_init
                0x00000000c0004153                thread_block
                0x00000000c00041b6                thread_unblock
 .text          0x00000000c00042b0      0x1f1 build/list.o
                0x00000000c00042b0                list_init
                0x00000000c00042de                list_insert_before
                0x00000000c0004323                list_push
                0x00000000c0004341                list_append
                0x00000000c000435f                list_remove
                0x00000000c0004399                list_pop
                0x00000000c00043bb                elem_find
                0x00000000c00043f6                list_traversal
                0x00000000c0004453                list_len
                0x00000000c0004488                list_empty
 *fill*         0x00000000c00044a1        0xf 
 .text          0x00000000c00044b0       0x15 build/switch.o
                0x00000000c00044b0                switch_to
 .text          0x00000000c00044c5      0x311 build/sync.o
                0x00000000c00044c5                sema_init
                0x00000000c00044ef                lock_init
                0x00000000c000451f                sema_down
                0x00000000c000461a                sema_up
                0x00000000c00046c9                lock_acquire
                0x00000000c000473e                lock_release
 .text          0x00000000c00047d6       0xb6 build/console.o
                0x00000000c00047d6                console_init
                0x00000000c00047ef                console_acquire
                0x00000000c0004808                console_release
                0x00000000c0004821                console_put_str
                0x00000000c0004842                console_put_char
                0x00000000c000486b                console_put_int
 .text          0x00000000c000488c      0x2e9 build/keyboard.o
                0x00000000c0004b2a                keyboard_init
 .text          0x00000000c0004b75      0x2e0 build/ioqueue.o
                0x00000000c0004b75                ioqueue_init
                0x00000000c0004bcf                ioq_full
                0x00000000c0004c19                ioq_empty
                0x00000000c0004ce4                ioq_getchar
                0x00000000c0004d9b                ioq_putchar
 .text          0x00000000c0004e55      0x18b build/tss.o
                0x00000000c0004e55                update_tss_esp
                0x00000000c0004ed0                tss_init
 .text          0x00000000c0004fe0      0x363 build/process.o
                0x00000000c0004fe0                create_user_vaddr_bitmap
                0x00000000c000502a                create_page_dir
                0x00000000c00050a2                start_process
                0x00000000c00051a7                page_dir_activate
                0x00000000c00051dc                process_activate
                0x00000000c000522a                process_execute
 .text          0x00000000c0005343       0x6d build/syscall.o
                0x00000000c0005343                getpid
                0x00000000c0005358                write
                0x00000000c0005376                malloc
                0x00000000c0005394                free
 .text          0x00000000c00053b0       0x89 build/syscall-init.o
                0x00000000c00053b0                sys_getpid
                0x00000000c00053c4                sys_write
                0x00000000c00053e8                syscall_init
 .text          0x00000000c0005439      0x26b build/stdio.o
                0x00000000c00054c0                vsprintf
                0x00000000c000563f                printf
 *(.gnu.warning)

.fini
 *(SORT_NONE(.fini))
                [!provide]                        PROVIDE (__etext = .)
                [!provide]                        PROVIDE (_etext = .)
                [!provide]                        PROVIDE (etext = .)

.rodata         0x00000000c00056a4      0xf2b
 *(.rodata .rodata.* .gnu.linkonce.r.*)
 .rodata        0x00000000c00056a4       0xcc build/main.o
 .rodata        0x00000000c0005770        0xa build/init.o
 *fill*         0x00000000c000577a        0x2 
 .rodata        0x00000000c000577c      0x2cd build/interrupt.o
 *fill*         0x00000000c0005a49        0x3 
 .rodata        0x00000000c0005a4c       0x6b build/timer.o
 .rodata        0x00000000c0005ab7       0x3f build/debug.o
 *fill*         0x00000000c0005af6        0x2 
 .rodata        0x00000000c0005af8       0xc4 build/string.o
 .rodata        0x00000000c0005bbc       0x3f build/bitmap.o
 *fill*         0x00000000c0005bfb        0x1 
 .rodata        0x00000000c0005bfc      0x3bd build/memory.o
 *fill*         0x00000000c0005fb9        0x3 
 .rodata        0x00000000c0005fbc      0x2cf build/thread.o
 *fill*         0x00000000c000628b        0x1 
 .rodata        0x00000000c000628c      0x135 build/sync.o
 .rodata        0x00000000c00063c1       0x36 build/keyboard.o
 *fill*         0x00000000c00063f7        0x1 
 .rodata        0x00000000c00063f8       0xa8 build/ioqueue.o
 .rodata        0x00000000c00064a0       0x27 build/tss.o
 *fill*         0x00000000c00064c7        0x1 
 .rodata        0x00000000c00064c8       0xe0 build/process.o
 .rodata        0x00000000c00065a8       0x27 build/syscall-init.o

.rodata1
 *(.rodata1)

.eh_frame_hdr
 *(.eh_frame_hdr)
 *(.eh_frame_entry .eh_frame_entry.*)

.eh_frame
 *(.eh_frame)
 *(.eh_frame.*)

.gcc_except_table
 *(.gcc_except_table .gcc_except_table.*)

.gnu_extab
 *(.gnu_extab*)

.exception_ranges
 *(.exception_ranges .exception_ranges*)
                0x00000000c0007000                . = DATA_SEGMENT_ALIGN (CONSTANT (MAXPAGESIZE), CONSTANT (COMMONPAGESIZE))

.eh_frame
 *(.eh_frame)
 *(.eh_frame.*)

.gnu_extab
 *(.gnu_extab)

.gcc_except_table
 *(.gcc_except_table .gcc_except_table.*)

.exception_ranges
 *(.exception_ranges .exception_ranges*)

.tdata          0x00000000c0007000        0x0
                [!provide]                        PROVIDE (__tdata_start = .)
 *(.tdata .tdata.* .gnu.linkonce.td.*)

.tbss
 *(.tbss .tbss.* .gnu.linkonce.tb.*)
 *(.tcommon)

.preinit_array  0x00000000c0007000        0x0
                [!provide]                        PROVIDE (__preinit_array_start = .)
 *(.preinit_array)
                [!provide]                        PROVIDE (__preinit_array_end = .)

.init_array     0x00000000c0007000        0x0
                [!provide]                        PROVIDE (__init_array_start = .)
 *(SORT_BY_INIT_PRIORITY(.init_array.*) SORT_BY_INIT_PRIORITY(.ctors.*))
 *(.init_array EXCLUDE_FILE(*crtend?.o *crtend.o *crtbegin?.o *crtbegin.o) .ctors)
                [!provide]                        PROVIDE (__init_array_end = .)

.fini_array     0x00000000c0007000        0x0
                [!provide]                        PROVIDE (__fini_array_start = .)
 *(SORT_BY_INIT_PRIORITY(.fini_array.*) SORT_BY_INIT_PRIORITY(.dtors.*))
 *(.fini_array EXCLUDE_FILE(*crtend?.o *crtend.o *crtbegin?.o *crtbegin.o) .dtors)
                [!provide]                        PROVIDE (__fini_array_end = .)

.ctors
 *crtbegin.o(.ctors)
 *crtbegin?.o(.ctors)
 *(EXCLUDE_FILE(*crtend?.o *crtend.o) .ctors)
 *(SORT_BY_NAME(.ctors.*))
 *(.ctors)

.dtors
 *crtbegin.o(.dtors)
 *crtbegin?.o(.dtors)
 *(EXCLUDE_FILE(*crtend?.o *crtend.o) .dtors)
 *(SORT_BY_NAME(.dtors.*))
 *(.dtors)

.jcr
 *(.jcr)

.data.rel.ro
 *(.data.rel.ro.local* .gnu.linkonce.d.rel.ro.local.*)
 *(.data.rel.ro .data.rel.ro.* .gnu.linkonce.d.rel.ro.*)

.dynamic
 *(.dynamic)

.got            0x00000000c0007000        0x0
 *(.got)
 .got           0x00000000c0007000        0x0 build/main.o
 *(.igot)
                0x00000000c0007000                . = DATA_SEGMENT_RELRO_END (., (SIZEOF (.got.plt) >= 0xc)?0xc:0x0)

.got.plt        0x00000000c0007000        0x0
 *(.got.plt)
 .got.plt       0x00000000c0007000        0x0 build/main.o
 *(.igot.plt)
 .igot.plt      0x00000000c0007000        0x0 build/main.o

.data           0x00000000c0007000      0x156
 *(.data .data.* .gnu.linkonce.d.*)
 .data          0x00000000c0007000        0x0 build/main.o
 .data          0x00000000c0007000        0x0 build/init.o
 .data          0x00000000c0007000        0x0 build/interrupt.o
 .data          0x00000000c0007000        0x0 build/timer.o
 .data          0x00000000c0007000       0xc0 build/kernel.o
                0x00000000c0007000                intr_entry_table
 .data          0x00000000c00070c0        0x8 build/print.o
 .data          0x00000000c00070c8        0x0 build/debug.o
 .data          0x00000000c00070c8        0x0 build/string.o
 .data          0x00000000c00070c8        0x0 build/bitmap.o
 .data          0x00000000c00070c8        0x0 build/memory.o
 .data          0x00000000c00070c8        0x0 build/thread.o
 .data          0x00000000c00070c8        0x0 build/list.o
 .data          0x00000000c00070c8        0x0 build/sync.o
 .data          0x00000000c00070c8        0x0 build/console.o
 *fill*         0x00000000c00070c8       0x18 
 .data          0x00000000c00070e0       0x76 build/keyboard.o
                0x00000000c00070e0                keymap
 .data          0x00000000c0007156        0x0 build/ioqueue.o
 .data          0x00000000c0007156        0x0 build/tss.o
 .data          0x00000000c0007156        0x0 build/process.o
 .data          0x00000000c0007156        0x0 build/syscall.o
 .data          0x00000000c0007156        0x0 build/syscall-init.o
 .data          0x00000000c0007156        0x0 build/stdio.o

.data1
 *(.data1)
                0x00000000c0007156                _edata = .
                [!provide]                        PROVIDE (edata = .)
                0x00000000c0007156                . = .
                0x00000000c0007156                __bss_start = .

.bss            0x00000000c0007160      0xba0
 *(.dynbss)
 *(.bss .bss.* .gnu.linkonce.b.*)
 .bss           0x00000000c0007160        0x0 build/main.o
 .bss           0x00000000c0007160        0x0 build/init.o
 .bss           0x00000000c0007160      0x848 build/interrupt.o
                0x00000000c0007160                intr_name
                0x00000000c0007380                idt_table
 .bss           0x00000000c00079a8        0x4 build/timer.o
                0x00000000c00079a8                ticks
 .bss           0x00000000c00079ac        0x0 build/debug.o
 .bss           0x00000000c00079ac        0x0 build/string.o
 .bss           0x00000000c00079ac        0x0 build/bitmap.o
 *fill*         0x00000000c00079ac       0x14 
 .bss           0x00000000c00079c0      0x138 build/memory.o
                0x00000000c00079c0                k_block_descs
                0x00000000c0007a80                kernel_pool
                0x00000000c0007ac0                user_pool
                0x00000000c0007aec                kernel_vaddr
 .bss           0x00000000c0007af8       0x46 build/thread.o
                0x00000000c0007af8                main_thread
                0x00000000c0007afc                thread_ready_list
                0x00000000c0007b0c                thread_all_list
                0x00000000c0007b1c                pid_lock
 .bss           0x00000000c0007b3e        0x0 build/list.o
 .bss           0x00000000c0007b3e        0x0 build/sync.o
 *fill*         0x00000000c0007b3e        0x2 
 .bss           0x00000000c0007b40       0x1c build/console.o
 *fill*         0x00000000c0007b5c        0x4 
 .bss           0x00000000c0007b60       0x8c build/keyboard.o
                0x00000000c0007b60                ctrl_status
                0x00000000c0007b64                shift_status
                0x00000000c0007b68                alt_status
                0x00000000c0007b6c                caps_lock_status
                0x00000000c0007b70                ext_scancode
                0x00000000c0007b80                kbd_buf
 .bss           0x00000000c0007bec        0x0 build/ioqueue.o
 *fill*         0x00000000c0007bec       0x14 
 .bss           0x00000000c0007c00       0x68 build/tss.o
 .bss           0x00000000c0007c68        0x0 build/process.o
 .bss           0x00000000c0007c68        0x0 build/syscall.o
 *fill*         0x00000000c0007c68       0x18 
 .bss           0x00000000c0007c80       0x80 build/syscall-init.o
                0x00000000c0007c80                syscall_table
 .bss           0x00000000c0007d00        0x0 build/stdio.o
 *(COMMON)
                0x00000000c0007d00                . = ALIGN ((. != 0x0)?0x4:0x1)
                0x00000000c0007d00                . = ALIGN (0x4)
                0x00000000c0007d00                . = SEGMENT_START ("ldata-segment", .)
                0x00000000c0007d00                . = ALIGN (0x4)
                0x00000000c0007d00                _end = .
                [!provide]                        PROVIDE (end = .)
                0x00000000c0007d00                . = DATA_SEGMENT_END (.)

.stab
 *(.stab)

.stabstr
 *(.stabstr)

.stab.excl
 *(.stab.excl)

.stab.exclstr
 *(.stab.exclstr)

.stab.index
 *(.stab.index)

.stab.indexstr
 *(.stab.indexstr)

.comment        0x0000000000000000       0x12
 *(.comment)
 .comment       0x0000000000000000       0x12 build/main.o
                                         0x13 (size before relaxing)
 .comment       0x0000000000000012       0x13 build/init.o
 .comment       0x0000000000000012       0x13 build/interrupt.o
 .comment       0x0000000000000012       0x13 build/timer.o
 .comment       0x0000000000000012       0x13 build/debug.o
 .comment       0x0000000000000012       0x13 build/string.o
 .comment       0x0000000000000012       0x13 build/bitmap.o
 .comment       0x0000000000000012       0x13 build/memory.o
 .comment       0x0000000000000012       0x13 build/thread.o
 .comment       0x0000000000000012       0x13 build/list.o
 .comment       0x0000000000000012       0x13 build/sync.o
 .comment       0x0000000000000012       0x13 build/console.o
 .comment       0x0000000000000012       0x13 build/keyboard.o
 .comment       0x0000000000000012       0x13 build/ioqueue.o
 .comment       0x0000000000000012       0x13 build/tss.o
 .comment       0x0000000000000012       0x13 build/process.o
 .comment       0x0000000000000012       0x13 build/syscall.o
 .comment       0x0000000000000012       0x13 build/syscall-init.o
 .comment       0x0000000000000012       0x13 build/stdio.o

.debug
 *(.debug)

.line
 *(.line)

.debug_srcinfo
 *(.debug_srcinfo)

.debug_sfnames
 *(.debug_sfnames)

.debug_aranges
 *(.debug_aranges)

.debug_pubnames
 *(.debug_pubnames)

.debug_info
 *(.debug_info .gnu.linkonce.wi.*)

.debug_abbrev
 *(.debug_abbrev)

.debug_line
 *(.debug_line .debug_line.* .debug_line_end)

.debug_frame
 *(.debug_frame)

.debug_str
 *(.debug_str)

.debug_loc
 *(.debug_loc)

.debug_macinfo
 *(.debug_macinfo)

.debug_weaknames
 *(.debug_weaknames)

.debug_funcnames
 *(.debug_funcnames)

.debug_typenames
 *(.debug_typenames)

.debug_varnames
 *(.debug_varnames)

.debug_pubtypes
 *(.debug_pubtypes)

.debug_ranges
 *(.debug_ranges)

.debug_macro
 *(.debug_macro)

.debug_addr
 *(.debug_addr)

.gnu.attributes
 *(.gnu.attributes)

/DISCARD/
 *(.note.GNU-stack)
 *(.gnu_debuglink)
 *(.gnu.lto_*)
OUTPUT(build/kernel.bin elf32-i386)
