
Memory Configuration

Name             Origin             Length             Attributes
*default*        0x0000000000000000 0xffffffffffffffff

Linker script and memory map

Address of section .text set to 0xc0001500
LOAD build/main.o
LOAD build/init.o
LOAD build/interrupt.o
LOAD build/timer.o
LOAD build/kernel.o
LOAD build/assert.o
LOAD build/print.o
LOAD build/debug.o
LOAD build/string.o
LOAD build/bitmap.o
LOAD build/memory.o
LOAD build/thread.o
LOAD build/list.o
LOAD build/switch.o
LOAD build/sync.o
LOAD build/console.o
LOAD build/keyboard.o
LOAD build/ioqueue.o
LOAD build/tss.o
LOAD build/process.o
LOAD build/syscall.o
LOAD build/syscall-init.o
LOAD build/stdio-kernel.o
LOAD build/stdio.o
LOAD build/file.o
LOAD build/wait_exit.o
LOAD build/fs.o
LOAD build/ide.o
LOAD build/dir.o
LOAD build/inode.o
LOAD build/fork.o
LOAD build/shell.o
LOAD build/buildin_cmd.o
LOAD build/exec.o
LOAD build/pipe.o
                [!provide]                        PROVIDE (__executable_start = SEGMENT_START ("text-segment", 0x8048000))
                0x0000000008048074                . = (SEGMENT_START ("text-segment", 0x8048000) + SIZEOF_HEADERS)

.interp
 *(.interp)

.note.gnu.build-id
 *(.note.gnu.build-id)

.hash
 *(.hash)

.gnu.hash
 *(.gnu.hash)

.dynsym
 *(.dynsym)

.dynstr
 *(.dynstr)

.gnu.version
 *(.gnu.version)

.gnu.version_d
 *(.gnu.version_d)

.gnu.version_r
 *(.gnu.version_r)

.rel.dyn        0x0000000008048074        0x0
 *(.rel.init)
 *(.rel.text .rel.text.* .rel.gnu.linkonce.t.*)
 *(.rel.fini)
 *(.rel.rodata .rel.rodata.* .rel.gnu.linkonce.r.*)
 *(.rel.data.rel.ro .rel.data.rel.ro.* .rel.gnu.linkonce.d.rel.ro.*)
 *(.rel.data .rel.data.* .rel.gnu.linkonce.d.*)
 *(.rel.tdata .rel.tdata.* .rel.gnu.linkonce.td.*)
 *(.rel.tbss .rel.tbss.* .rel.gnu.linkonce.tb.*)
 *(.rel.ctors)
 *(.rel.dtors)
 *(.rel.got)
 .rel.got       0x0000000008048074        0x0 build/main.o
 *(.rel.bss .rel.bss.* .rel.gnu.linkonce.b.*)
 *(.rel.ifunc)

.rel.plt        0x0000000008048074        0x0
 *(.rel.plt)
                [!provide]                        PROVIDE (__rel_iplt_start = .)
 *(.rel.iplt)
 .rel.iplt      0x0000000008048074        0x0 build/main.o
                [!provide]                        PROVIDE (__rel_iplt_end = .)

.init
 *(SORT_NONE(.init))

.plt            0x0000000008048078        0x0
 *(.plt)
 *(.iplt)
 .iplt          0x0000000008048078        0x0 build/main.o

.plt.got
 *(.plt.got)

.plt.sec
 *(.plt.sec)

.text           0x00000000c0001500     0xc202
 *(.text.unlikely .text.*_unlikely .text.unlikely.*)
 *(.text.exit .text.exit.*)
 *(.text.startup .text.startup.*)
 *(.text.hot .text.hot.*)
 *(.text .stub .text.* .gnu.linkonce.t.*)
 .text          0x00000000c0001500      0x14a build/main.o
                0x00000000c0001500                main
                0x00000000c00015e4                init
 .text          0x00000000c000164a       0x50 build/init.o
                0x00000000c000164a                init_all
 .text          0x00000000c000169a      0x466 build/interrupt.o
                0x00000000c00019ee                intr_get_status
                0x00000000c0001a0b                intr_enable
                0x00000000c0001a34                intr_disable
                0x00000000c0001a5d                intr_set_status
                0x00000000c0001a78                register_handler
                0x00000000c0001a95                idt_init
 .text          0x00000000c0001b00      0x1e8 build/timer.o
                0x00000000c0001c24                timer_init
                0x00000000c0001c9d                mtime_sleep
 *fill*         0x00000000c0001ce8        0x8 
 .text          0x00000000c0001cf0      0x55b build/kernel.o
                0x00000000c0001cf0                intr_exit
                0x00000000c0002227                syscall_handler
 .text          0x00000000c000224b       0x24 build/assert.o
                0x00000000c000224b                user_spin
 *fill*         0x00000000c000226f        0x1 
 .text          0x00000000c0002270      0x1b1 build/print.o
                0x00000000c0002270                put_str
                0x00000000c000228e                put_char
                0x00000000c000235b                put_int
                0x00000000c00023be                set_cursor
                0x00000000c00023e2                cls_screen
 .text          0x00000000c0002421       0xd6 build/debug.o
                0x00000000c0002421                panic_spin
 .text          0x00000000c00024f7      0x3ce build/string.o
                0x00000000c00024f7                memset
                0x00000000c000254a                memcpy
                0x00000000c00025ab                memcmp
                0x00000000c000262e                strcpy
                0x00000000c0002683                strlen
                0x00000000c00026ca                strcmp
                0x00000000c0002743                strchr
                0x00000000c000279b                strrchr
                0x00000000c00027f9                strcat
                0x00000000c0002863                strchrs
 .text          0x00000000c00028c5      0x1de build/bitmap.o
                0x00000000c00028c5                bitmap_init
                0x00000000c00028e8                bitmap_scan_test
                0x00000000c0002927                bitmap_scan
                0x00000000c00029ed                bitmap_set
 .text          0x00000000c0002aa3     0x11e8 build/memory.o
                0x00000000c0002e10                pde_ptr
                0x00000000c0002e2c                pte_ptr
                0x00000000c0002f7a                malloc_page
                0x00000000c000303c                get_kernel_pages
                0x00000000c0003097                get_user_pages
                0x00000000c00030ec                get_a_page
                0x00000000c0003259                block_desc_init
                0x00000000c0003315                sys_malloc
                0x00000000c000364a                pfree
                0x00000000c000377c                mfree_page
                0x00000000c000393d                sys_free
                0x00000000c0003b24                mem_init
                0x00000000c0003b75                addr_v2p
                0x00000000c0003ba1                get_a_page_without_opvaddrbitmap
                0x00000000c0003c2b                free_a_phy_page
 .text          0x00000000c0003c8b      0xbfb build/thread.o
                0x00000000c0003ca2                running_thread
                0x00000000c0003d32                thread_create
                0x00000000c0003da9                init_thread
                0x00000000c0003ea7                thread_start
                0x00000000c0004003                schedule
                0x00000000c0004197                thread_init
                0x00000000c000421a                thread_block
                0x00000000c000427d                thread_unblock
                0x00000000c0004377                thread_yield
                0x00000000c00043fb                fork_pid
                0x00000000c00046b3                sys_ps
                0x00000000c00046f9                release_pid
                0x00000000c000474e                thread_exit
                0x00000000c000484a                pid2thread
 .text          0x00000000c0004886      0x1f1 build/list.o
                0x00000000c0004886                list_init
                0x00000000c00048b4                list_insert_before
                0x00000000c00048f9                list_push
                0x00000000c0004917                list_append
                0x00000000c0004935                list_remove
                0x00000000c000496f                list_pop
                0x00000000c0004991                elem_find
                0x00000000c00049cc                list_traversal
                0x00000000c0004a29                list_len
                0x00000000c0004a5e                list_empty
 *fill*         0x00000000c0004a77        0x9 
 .text          0x00000000c0004a80       0x15 build/switch.o
                0x00000000c0004a80                switch_to
 .text          0x00000000c0004a95      0x311 build/sync.o
                0x00000000c0004a95                sema_init
                0x00000000c0004abf                lock_init
                0x00000000c0004aef                sema_down
                0x00000000c0004bea                sema_up
                0x00000000c0004c99                lock_acquire
                0x00000000c0004d0e                lock_release
 .text          0x00000000c0004da6       0xb6 build/console.o
                0x00000000c0004da6                console_init
                0x00000000c0004dbf                console_acquire
                0x00000000c0004dd8                console_release
                0x00000000c0004df1                console_put_str
                0x00000000c0004e12                console_put_char
                0x00000000c0004e3b                console_put_int
 .text          0x00000000c0004e5c      0x2d6 build/keyboard.o
                0x00000000c00050e7                keyboard_init
 .text          0x00000000c0005132      0x36a build/ioqueue.o
                0x00000000c0005132                ioqueue_init
                0x00000000c0005197                ioq_full
                0x00000000c00051e7                ioq_empty
                0x00000000c00052b8                ioq_getchar
                0x00000000c0005378                ioq_putchar
                0x00000000c000543b                ioq_length
 .text          0x00000000c000549c      0x18b build/tss.o
                0x00000000c000549c                update_tss_esp
                0x00000000c0005517                tss_init
 .text          0x00000000c0005627      0x363 build/process.o
                0x00000000c0005627                create_user_vaddr_bitmap
                0x00000000c0005671                create_page_dir
                0x00000000c00056e9                start_process
                0x00000000c00057ee                page_dir_activate
                0x00000000c0005823                process_activate
                0x00000000c0005871                process_execute
 .text          0x00000000c000598a      0x33b build/syscall.o
                0x00000000c000598a                getpid
                0x00000000c000599f                write
                0x00000000c00059c1                malloc
                0x00000000c00059df                free
                0x00000000c00059fb                fork
                0x00000000c0005a10                read
                0x00000000c0005a32                putchar
                0x00000000c0005a55                clear
                0x00000000c0005a68                getcwd
                0x00000000c0005a89                open
                0x00000000c0005ab1                close
                0x00000000c0005acf                lseek
                0x00000000c0005af8                unlink
                0x00000000c0005b16                mkdir
                0x00000000c0005b34                opendir
                0x00000000c0005b52                closedir
                0x00000000c0005b70                rmdir
                0x00000000c0005b8e                readdir
                0x00000000c0005bac                rewinddir
                0x00000000c0005bc8                stat
                0x00000000c0005be9                chdir
                0x00000000c0005c07                ps
                0x00000000c0005c1a                execv
                0x00000000c0005c3b                exit
                0x00000000c0005c57                wait
                0x00000000c0005c75                pipe
                0x00000000c0005c93                fd_redirect
                0x00000000c0005cb2                help
 .text          0x00000000c0005cc5      0x155 build/syscall-init.o
                0x00000000c0005cc5                sys_getpid
                0x00000000c0005cd9                syscall_init
 .text          0x00000000c0005e1a       0x66 build/stdio-kernel.o
                0x00000000c0005e1a                printk
 .text          0x00000000c0005e80      0x2b0 build/stdio.o
                0x00000000c0005f07                vsprintf
                0x00000000c0006086                printf
                0x00000000c0006100                sprintf
 .text          0x00000000c0006130     0x116a build/file.o
                0x00000000c0006130                get_free_slot_in_global
                0x00000000c0006185                pcb_fd_install
                0x00000000c00061f2                inode_bitmap_alloc
                0x00000000c0006239                block_bitmap_alloc
                0x00000000c000628b                bitmap_sync
                0x00000000c0006313                file_create
                0x00000000c00065d5                file_open
                0x00000000c0006705                file_close
                0x00000000c0006748                file_write
                0x00000000c0006ef0                file_read
 .text          0x00000000c000729a      0x42e build/wait_exit.o
                0x00000000c000755e                sys_wait
                0x00000000c0007615                sys_exit
 .text          0x00000000c00076c8     0x2217 build/fs.o
                0x00000000c0007d4e                filesys_init
                0x00000000c0007f46                path_parse
                0x00000000c0007fa5                path_depth_cnt
                0x00000000c00082ad                sys_open
                0x00000000c000850f                fd_local2global
                0x00000000c000855a                sys_close
                0x00000000c0008655                sys_write
                0x00000000c00087a0                sys_read
                0x00000000c00088e4                sys_lseek
                0x00000000c00089d3                sys_unlink
                0x00000000c0008bf6                sys_mkdir
                0x00000000c0008fe6                sys_opendir
                0x00000000c00090f6                sys_closedir
                0x00000000c0009123                sys_readdir
                0x00000000c000915b                sys_rewinddir
                0x00000000c000916b                sys_rmdir
                0x00000000c00094f5                sys_getcwd
                0x00000000c00096f0                sys_chdir
                0x00000000c000977a                sys_stat
                0x00000000c00098a4                sys_putchar
                0x00000000c00098c6                sys_help
 .text          0x00000000c00098df      0xd84 build/ide.o
                0x00000000c0009bf0                ide_read
                0x00000000c0009d61                ide_write
                0x00000000c0009ed5                intr_hd_handler
                0x00000000c000a457                ide_init
 .text          0x00000000c000a663      0xe77 build/dir.o
                0x00000000c000a663                open_root_dir
                0x00000000c000a693                dir_open
                0x00000000c000a6d1                search_dir_entry
                0x00000000c000a8a9                dir_close
                0x00000000c000a8dc                create_dir_entry
                0x00000000c000a94b                sync_dir_entry
                0x00000000c000ad9c                delete_dir_entry
                0x00000000c000b204                dir_read
                0x00000000c000b3ec                dir_is_empty
                0x00000000c000b417                dir_remove
 .text          0x00000000c000b4da      0x725 build/inode.o
                0x00000000c000b574                inode_sync
                0x00000000c000b69b                inode_open
                0x00000000c000b7e1                inode_close
                0x00000000c000b85d                inode_init
                0x00000000c000b8b4                inode_delete
                0x00000000c000b9c6                inode_release
 .text          0x00000000c000bbff      0x509 build/fork.o
                0x00000000c000bfe6                sys_fork
 .text          0x00000000c000c108      0x76a build/shell.o
                0x00000000c000c108                print_prompt
                0x00000000c000c602                my_shell
 .text          0x00000000c000c872      0x8f5 build/buildin_cmd.o
                0x00000000c000c9e2                make_clear_abs_path
                0x00000000c000caa5                buildin_pwd
                0x00000000c000cb05                buildin_cd
                0x00000000c000cb8f                buildin_ls
                0x00000000c000cf59                buildin_ps
                0x00000000c000cf7e                buildin_clear
                0x00000000c000cfa3                buildin_mkdir
                0x00000000c000d035                buildin_rmdir
                0x00000000c000d0c7                buildin_rm
                0x00000000c000d159                buildin_help
 .text          0x00000000c000d167      0x336 build/exec.o
                0x00000000c000d3f2                sys_execv
 .text          0x00000000c000d49d      0x265 build/pipe.o
                0x00000000c000d49d                is_pipe
                0x00000000c000d4d4                sys_pipe
                0x00000000c000d5a3                pipe_read
                0x00000000c000d627                pipe_write
                0x00000000c000d6b9                sys_fd_redirect
 *(.gnu.warning)

.fini
 *(SORT_NONE(.fini))
                [!provide]                        PROVIDE (__etext = .)
                [!provide]                        PROVIDE (_etext = .)
                [!provide]                        PROVIDE (etext = .)

.rodata         0x00000000c000d704     0x29ba
 *(.rodata .rodata.* .gnu.linkonce.r.*)
 .rodata        0x00000000c000d704       0xb1 build/main.o
 .rodata        0x00000000c000d7b5        0xa build/init.o
 *fill*         0x00000000c000d7bf        0x1 
 .rodata        0x00000000c000d7c0      0x2cd build/interrupt.o
 *fill*         0x00000000c000da8d        0x3 
 .rodata        0x00000000c000da90       0x88 build/timer.o
 .rodata        0x00000000c000db18       0x32 build/assert.o
 .rodata        0x00000000c000db4a       0x3f build/debug.o
 *fill*         0x00000000c000db89        0x3 
 .rodata        0x00000000c000db8c       0xc4 build/string.o
 .rodata        0x00000000c000dc50       0x3f build/bitmap.o
 *fill*         0x00000000c000dc8f        0x1 
 .rodata        0x00000000c000dc90      0x3c9 build/memory.o
 *fill*         0x00000000c000e059        0x3 
 .rodata        0x00000000c000e05c      0x3e0 build/thread.o
 .rodata        0x00000000c000e43c      0x135 build/sync.o
 .rodata        0x00000000c000e571       0x36 build/keyboard.o
 *fill*         0x00000000c000e5a7        0x1 
 .rodata        0x00000000c000e5a8       0xa8 build/ioqueue.o
 .rodata        0x00000000c000e650       0x27 build/tss.o
 *fill*         0x00000000c000e677        0x1 
 .rodata        0x00000000c000e678       0xe0 build/process.o
 .rodata        0x00000000c000e758       0x27 build/syscall-init.o
 *fill*         0x00000000c000e77f        0x1 
 .rodata        0x00000000c000e780      0x436 build/file.o
 *fill*         0x00000000c000ebb6        0x2 
 .rodata        0x00000000c000ebb8       0x49 build/wait_exit.o
 *fill*         0x00000000c000ec01        0x3 
 .rodata        0x00000000c000ec04      0xa2f build/fs.o
 *fill*         0x00000000c000f633        0x1 
 .rodata        0x00000000c000f634      0x201 build/ide.o
 *fill*         0x00000000c000f835        0x3 
 .rodata        0x00000000c000f838      0x20f build/dir.o
 *fill*         0x00000000c000fa47        0x1 
 .rodata        0x00000000c000fa48       0xc2 build/inode.o
 *fill*         0x00000000c000fb0a        0x2 
 .rodata        0x00000000c000fb0c      0x105 build/fork.o
 *fill*         0x00000000c000fc11        0x3 
 .rodata        0x00000000c000fc14      0x1a4 build/shell.o
 .rodata        0x00000000c000fdb8      0x2fe build/buildin_cmd.o
 .rodata        0x00000000c00100b6        0x8 build/exec.o

.rodata1
 *(.rodata1)

.eh_frame_hdr
 *(.eh_frame_hdr)
 *(.eh_frame_entry .eh_frame_entry.*)

.eh_frame
 *(.eh_frame)
 *(.eh_frame.*)

.gcc_except_table
 *(.gcc_except_table .gcc_except_table.*)

.gnu_extab
 *(.gnu_extab*)

.exception_ranges
 *(.exception_ranges .exception_ranges*)
                0x00000000c00110be                . = DATA_SEGMENT_ALIGN (CONSTANT (MAXPAGESIZE), CONSTANT (COMMONPAGESIZE))

.eh_frame
 *(.eh_frame)
 *(.eh_frame.*)

.gnu_extab
 *(.gnu_extab)

.gcc_except_table
 *(.gcc_except_table .gcc_except_table.*)

.exception_ranges
 *(.exception_ranges .exception_ranges*)

.tdata          0x00000000c00110be        0x0
                [!provide]                        PROVIDE (__tdata_start = .)
 *(.tdata .tdata.* .gnu.linkonce.td.*)

.tbss
 *(.tbss .tbss.* .gnu.linkonce.tb.*)
 *(.tcommon)

.preinit_array  0x00000000c00110be        0x0
                [!provide]                        PROVIDE (__preinit_array_start = .)
 *(.preinit_array)
                [!provide]                        PROVIDE (__preinit_array_end = .)

.init_array     0x00000000c00110be        0x0
                [!provide]                        PROVIDE (__init_array_start = .)
 *(SORT_BY_INIT_PRIORITY(.init_array.*) SORT_BY_INIT_PRIORITY(.ctors.*))
 *(.init_array EXCLUDE_FILE(*crtend?.o *crtend.o *crtbegin?.o *crtbegin.o) .ctors)
                [!provide]                        PROVIDE (__init_array_end = .)

.fini_array     0x00000000c00110be        0x0
                [!provide]                        PROVIDE (__fini_array_start = .)
 *(SORT_BY_INIT_PRIORITY(.fini_array.*) SORT_BY_INIT_PRIORITY(.dtors.*))
 *(.fini_array EXCLUDE_FILE(*crtend?.o *crtend.o *crtbegin?.o *crtbegin.o) .dtors)
                [!provide]                        PROVIDE (__fini_array_end = .)

.ctors
 *crtbegin.o(.ctors)
 *crtbegin?.o(.ctors)
 *(EXCLUDE_FILE(*crtend?.o *crtend.o) .ctors)
 *(SORT_BY_NAME(.ctors.*))
 *(.ctors)

.dtors
 *crtbegin.o(.dtors)
 *crtbegin?.o(.dtors)
 *(EXCLUDE_FILE(*crtend?.o *crtend.o) .dtors)
 *(SORT_BY_NAME(.dtors.*))
 *(.dtors)

.jcr
 *(.jcr)

.data.rel.ro
 *(.data.rel.ro.local* .gnu.linkonce.d.rel.ro.local.*)
 *(.data.rel.ro .data.rel.ro.* .gnu.linkonce.d.rel.ro.*)

.dynamic
 *(.dynamic)

.got            0x00000000c00110c0        0x0
 *(.got)
 .got           0x00000000c00110c0        0x0 build/main.o
 *(.igot)
                0x00000000c00110c0                . = DATA_SEGMENT_RELRO_END (., (SIZEOF (.got.plt) >= 0xc)?0xc:0x0)

.got.plt        0x00000000c00110c0        0x0
 *(.got.plt)
 .got.plt       0x00000000c00110c0        0x0 build/main.o
 *(.igot.plt)
 .igot.plt      0x00000000c00110c0        0x0 build/main.o

.data           0x00000000c00110c0      0x15c
 *(.data .data.* .gnu.linkonce.d.*)
 .data          0x00000000c00110c0        0x0 build/main.o
 .data          0x00000000c00110c0        0x0 build/init.o
 .data          0x00000000c00110c0        0x0 build/interrupt.o
 .data          0x00000000c00110c0        0x0 build/timer.o
 .data          0x00000000c00110c0       0xc0 build/kernel.o
                0x00000000c00110c0                intr_entry_table
 .data          0x00000000c0011180        0x0 build/assert.o
 .data          0x00000000c0011180        0x8 build/print.o
 .data          0x00000000c0011188        0x0 build/debug.o
 .data          0x00000000c0011188        0x0 build/string.o
 .data          0x00000000c0011188        0x0 build/bitmap.o
 .data          0x00000000c0011188        0x0 build/memory.o
 .data          0x00000000c0011188        0x0 build/thread.o
 .data          0x00000000c0011188        0x0 build/list.o
 .data          0x00000000c0011188        0x0 build/sync.o
 .data          0x00000000c0011188        0x0 build/console.o
 *fill*         0x00000000c0011188       0x18 
 .data          0x00000000c00111a0       0x76 build/keyboard.o
                0x00000000c00111a0                keymap
 .data          0x00000000c0011216        0x0 build/ioqueue.o
 .data          0x00000000c0011216        0x0 build/tss.o
 .data          0x00000000c0011216        0x0 build/process.o
 .data          0x00000000c0011216        0x0 build/syscall.o
 .data          0x00000000c0011216        0x0 build/syscall-init.o
 .data          0x00000000c0011216        0x0 build/stdio-kernel.o
 .data          0x00000000c0011216        0x0 build/stdio.o
 .data          0x00000000c0011216        0x0 build/file.o
 .data          0x00000000c0011216        0x0 build/wait_exit.o
 .data          0x00000000c0011216        0x0 build/fs.o
 .data          0x00000000c0011216        0x0 build/ide.o
 .data          0x00000000c0011216        0x0 build/dir.o
 .data          0x00000000c0011216        0x0 build/inode.o
 .data          0x00000000c0011216        0x0 build/fork.o
 *fill*         0x00000000c0011216        0x2 
 .data          0x00000000c0011218        0x4 build/shell.o
                0x00000000c0011218                argc
 .data          0x00000000c001121c        0x0 build/buildin_cmd.o
 .data          0x00000000c001121c        0x0 build/exec.o
 .data          0x00000000c001121c        0x0 build/pipe.o

.data1
 *(.data1)
                0x00000000c001121c                _edata = .
                [!provide]                        PROVIDE (edata = .)
                0x00000000c001121c                . = .
                0x00000000c001121c                __bss_start = .

.bss            0x00000000c0011220     0x2800
 *(.dynbss)
 *(.bss .bss.* .gnu.linkonce.b.*)
 .bss           0x00000000c0011220        0x0 build/main.o
 .bss           0x00000000c0011220        0x0 build/init.o
 .bss           0x00000000c0011220      0x848 build/interrupt.o
                0x00000000c0011220                intr_name
                0x00000000c0011440                idt_table
 .bss           0x00000000c0011a68        0x4 build/timer.o
                0x00000000c0011a68                ticks
 .bss           0x00000000c0011a6c        0x0 build/assert.o
 .bss           0x00000000c0011a6c        0x0 build/debug.o
 .bss           0x00000000c0011a6c        0x0 build/string.o
 .bss           0x00000000c0011a6c        0x0 build/bitmap.o
 *fill*         0x00000000c0011a6c       0x14 
 .bss           0x00000000c0011a80      0x138 build/memory.o
                0x00000000c0011a80                k_block_descs
                0x00000000c0011b40                kernel_pool
                0x00000000c0011b80                user_pool
                0x00000000c0011bac                kernel_vaddr
 *fill*         0x00000000c0011bb8        0x8 
 .bss           0x00000000c0011bc0      0x10c build/thread.o
                0x00000000c0011bc0                main_thread
                0x00000000c0011bc4                idle_thread
                0x00000000c0011bc8                thread_ready_list
                0x00000000c0011bd8                thread_all_list
                0x00000000c0011be8                pid_lock
                0x00000000c0011c20                pid_bitmap_bits
                0x00000000c0011ca0                pid_pool
 .bss           0x00000000c0011ccc        0x0 build/list.o
 .bss           0x00000000c0011ccc        0x0 build/sync.o
 .bss           0x00000000c0011ccc       0x1c build/console.o
 *fill*         0x00000000c0011ce8       0x18 
 .bss           0x00000000c0011d00      0x84c build/keyboard.o
                0x00000000c0011d00                ctrl_status
                0x00000000c0011d04                shift_status
                0x00000000c0011d08                alt_status
                0x00000000c0011d0c                caps_lock_status
                0x00000000c0011d10                ext_scancode
                0x00000000c0011d20                kbd_buf
 .bss           0x00000000c001254c        0x0 build/ioqueue.o
 *fill*         0x00000000c001254c       0x14 
 .bss           0x00000000c0012560       0x68 build/tss.o
 .bss           0x00000000c00125c8        0x0 build/process.o
 .bss           0x00000000c00125c8        0x0 build/syscall.o
 *fill*         0x00000000c00125c8       0x18 
 .bss           0x00000000c00125e0       0x80 build/syscall-init.o
                0x00000000c00125e0                syscall_table
 .bss           0x00000000c0012660        0x0 build/stdio-kernel.o
 .bss           0x00000000c0012660        0x0 build/stdio.o
 .bss           0x00000000c0012660      0x180 build/file.o
                0x00000000c0012660                file_table
 .bss           0x00000000c00127e0        0x0 build/wait_exit.o
 .bss           0x00000000c00127e0        0x4 build/fs.o
                0x00000000c00127e0                cur_part
 *fill*         0x00000000c00127e4       0x1c 
 .bss           0x00000000c0012800      0xcf8 build/ide.o
                0x00000000c0012800                channel_cnt
                0x00000000c0012820                channels
                0x00000000c00134e0                ext_lba_base
                0x00000000c00134e4                p_no
                0x00000000c00134e5                l_no
                0x00000000c00134e8                partition_list
 *fill*         0x00000000c00134f8        0x8 
 .bss           0x00000000c0013500      0x208 build/dir.o
                0x00000000c0013500                root_dir
 .bss           0x00000000c0013708        0x0 build/inode.o
 .bss           0x00000000c0013708        0x0 build/fork.o
 *fill*         0x00000000c0013708       0x18 
 .bss           0x00000000c0013720      0x300 build/shell.o
                0x00000000c0013720                cwd_cache
                0x00000000c0013760                argv
                0x00000000c00137a0                final_path
 .bss           0x00000000c0013a20        0x0 build/buildin_cmd.o
 .bss           0x00000000c0013a20        0x0 build/exec.o
 .bss           0x00000000c0013a20        0x0 build/pipe.o
 *(COMMON)
                0x00000000c0013a20                . = ALIGN ((. != 0x0)?0x4:0x1)
                0x00000000c0013a20                . = ALIGN (0x4)
                0x00000000c0013a20                . = SEGMENT_START ("ldata-segment", .)
                0x00000000c0013a20                . = ALIGN (0x4)
                0x00000000c0013a20                _end = .
                [!provide]                        PROVIDE (end = .)
                0x00000000c0013a20                . = DATA_SEGMENT_END (.)

.stab
 *(.stab)

.stabstr
 *(.stabstr)

.stab.excl
 *(.stab.excl)

.stab.exclstr
 *(.stab.exclstr)

.stab.index
 *(.stab.index)

.stab.indexstr
 *(.stab.indexstr)

.comment        0x0000000000000000       0x12
 *(.comment)
 .comment       0x0000000000000000       0x12 build/main.o
                                         0x13 (size before relaxing)
 .comment       0x0000000000000012       0x13 build/init.o
 .comment       0x0000000000000012       0x13 build/interrupt.o
 .comment       0x0000000000000012       0x13 build/timer.o
 .comment       0x0000000000000012       0x13 build/assert.o
 .comment       0x0000000000000012       0x13 build/debug.o
 .comment       0x0000000000000012       0x13 build/string.o
 .comment       0x0000000000000012       0x13 build/bitmap.o
 .comment       0x0000000000000012       0x13 build/memory.o
 .comment       0x0000000000000012       0x13 build/thread.o
 .comment       0x0000000000000012       0x13 build/list.o
 .comment       0x0000000000000012       0x13 build/sync.o
 .comment       0x0000000000000012       0x13 build/console.o
 .comment       0x0000000000000012       0x13 build/keyboard.o
 .comment       0x0000000000000012       0x13 build/ioqueue.o
 .comment       0x0000000000000012       0x13 build/tss.o
 .comment       0x0000000000000012       0x13 build/process.o
 .comment       0x0000000000000012       0x13 build/syscall.o
 .comment       0x0000000000000012       0x13 build/syscall-init.o
 .comment       0x0000000000000012       0x13 build/stdio-kernel.o
 .comment       0x0000000000000012       0x13 build/stdio.o
 .comment       0x0000000000000012       0x13 build/file.o
 .comment       0x0000000000000012       0x13 build/wait_exit.o
 .comment       0x0000000000000012       0x13 build/fs.o
 .comment       0x0000000000000012       0x13 build/ide.o
 .comment       0x0000000000000012       0x13 build/dir.o
 .comment       0x0000000000000012       0x13 build/inode.o
 .comment       0x0000000000000012       0x13 build/fork.o
 .comment       0x0000000000000012       0x13 build/shell.o
 .comment       0x0000000000000012       0x13 build/buildin_cmd.o
 .comment       0x0000000000000012       0x13 build/exec.o
 .comment       0x0000000000000012       0x13 build/pipe.o

.debug
 *(.debug)

.line
 *(.line)

.debug_srcinfo
 *(.debug_srcinfo)

.debug_sfnames
 *(.debug_sfnames)

.debug_aranges
 *(.debug_aranges)

.debug_pubnames
 *(.debug_pubnames)

.debug_info
 *(.debug_info .gnu.linkonce.wi.*)

.debug_abbrev
 *(.debug_abbrev)

.debug_line
 *(.debug_line .debug_line.* .debug_line_end)

.debug_frame
 *(.debug_frame)

.debug_str
 *(.debug_str)

.debug_loc
 *(.debug_loc)

.debug_macinfo
 *(.debug_macinfo)

.debug_weaknames
 *(.debug_weaknames)

.debug_funcnames
 *(.debug_funcnames)

.debug_typenames
 *(.debug_typenames)

.debug_varnames
 *(.debug_varnames)

.debug_pubtypes
 *(.debug_pubtypes)

.debug_ranges
 *(.debug_ranges)

.debug_macro
 *(.debug_macro)

.debug_addr
 *(.debug_addr)

.gnu.attributes
 *(.gnu.attributes)

/DISCARD/
 *(.note.GNU-stack)
 *(.gnu_debuglink)
 *(.gnu.lto_*)
OUTPUT(build/kernel.bin elf32-i386)
