
Memory Configuration

Name             Origin             Length             Attributes
*default*        0x0000000000000000 0xffffffffffffffff

Linker script and memory map

Address of section .text set to 0xc0001500
LOAD build/main.o
LOAD build/init.o
LOAD build/timer.o
LOAD build/thread.o
LOAD build/memory.o
LOAD build/bitmap.o
LOAD build/interrupt.o
LOAD build/kernel.o
LOAD build/print.o
LOAD build/string.o
LOAD build/debug.o
                [!provide]                        PROVIDE (__executable_start = SEGMENT_START ("text-segment", 0x8048000))
                0x0000000008048074                . = (SEGMENT_START ("text-segment", 0x8048000) + SIZEOF_HEADERS)

.interp
 *(.interp)

.note.gnu.build-id
 *(.note.gnu.build-id)

.hash
 *(.hash)

.gnu.hash
 *(.gnu.hash)

.dynsym
 *(.dynsym)

.dynstr
 *(.dynstr)

.gnu.version
 *(.gnu.version)

.gnu.version_d
 *(.gnu.version_d)

.gnu.version_r
 *(.gnu.version_r)

.rel.dyn        0x0000000008048074        0x0
 *(.rel.init)
 *(.rel.text .rel.text.* .rel.gnu.linkonce.t.*)
 *(.rel.fini)
 *(.rel.rodata .rel.rodata.* .rel.gnu.linkonce.r.*)
 *(.rel.data.rel.ro .rel.data.rel.ro.* .rel.gnu.linkonce.d.rel.ro.*)
 *(.rel.data .rel.data.* .rel.gnu.linkonce.d.*)
 *(.rel.tdata .rel.tdata.* .rel.gnu.linkonce.td.*)
 *(.rel.tbss .rel.tbss.* .rel.gnu.linkonce.tb.*)
 *(.rel.ctors)
 *(.rel.dtors)
 *(.rel.got)
 .rel.got       0x0000000008048074        0x0 build/main.o
 *(.rel.bss .rel.bss.* .rel.gnu.linkonce.b.*)
 *(.rel.ifunc)

.rel.plt        0x0000000008048074        0x0
 *(.rel.plt)
                [!provide]                        PROVIDE (__rel_iplt_start = .)
 *(.rel.iplt)
 .rel.iplt      0x0000000008048074        0x0 build/main.o
                [!provide]                        PROVIDE (__rel_iplt_end = .)

.init
 *(SORT_NONE(.init))

.plt            0x0000000008048078        0x0
 *(.plt)
 *(.iplt)
 .iplt          0x0000000008048078        0x0 build/main.o

.plt.got
 *(.plt.got)

.plt.sec
 *(.plt.sec)

.text           0x00000000c0001500     0x176d
 *(.text.unlikely .text.*_unlikely .text.unlikely.*)
 *(.text.exit .text.exit.*)
 *(.text.startup .text.startup.*)
 *(.text.hot .text.hot.*)
 *(.text .stub .text.* .gnu.linkonce.t.*)
 .text          0x00000000c0001500       0x73 build/main.o
                0x00000000c0001500                main
                0x00000000c0001542                k_thread_a
 .text          0x00000000c0001573       0x28 build/init.o
                0x00000000c0001573                init_all
 .text          0x00000000c000159b       0xed build/timer.o
                0x00000000c0001647                timer_init
 .text          0x00000000c0001688      0x13b build/thread.o
                0x00000000c0001688                kernel_thread
                0x00000000c000169f                thread_create
                0x00000000c0001716                init_thread
                0x00000000c0001774                thread_start
 .text          0x00000000c00017c3      0x545 build/memory.o
                0x00000000c000189a                pde_ptr
                0x00000000c00018b6                pte_ptr
                0x00000000c00019f2                malloc_page
                0x00000000c0001ab1                get_kernel_pages
                0x00000000c0001cc7                mem_init
 .text          0x00000000c0001d08      0x24a build/bitmap.o
                0x00000000c0001d08                bitmap_init
                0x00000000c0001d2b                bitmap_scan_test
                0x00000000c0001d6a                bitmap_scan
                0x00000000c0001e9a                bitmap_set
 .text          0x00000000c0001f52      0x38a build/interrupt.o
                0x00000000c00021e7                intr_get_status
                0x00000000c0002204                intr_enable
                0x00000000c000222d                intr_disable
                0x00000000c0002256                intr_set_status
                0x00000000c0002271                idt_init
 *fill*         0x00000000c00022dc        0x4 
 .text          0x00000000c00022e0      0x393 build/kernel.o
                0x00000000c00022e0                intr_exit
 *fill*         0x00000000c0002673        0xd 
 .text          0x00000000c0002680      0x14e build/print.o
                0x00000000c0002680                put_str
                0x00000000c000269e                put_char
                0x00000000c000276b                put_int
 .text          0x00000000c00027ce      0x3c8 build/string.o
                0x00000000c00027ce                memset
                0x00000000c0002821                memcpy
                0x00000000c0002882                memcmp
                0x00000000c0002905                strcpy
                0x00000000c000295a                strlen
                0x00000000c00029a1                strcmp
                0x00000000c0002a1a                strchr
                0x00000000c0002a72                strrchr
                0x00000000c0002ad0                strcat
                0x00000000c0002b3a                strchrs
 .text          0x00000000c0002b96       0xd7 build/debug.o
                0x00000000c0002b96                panic_spin
 *(.gnu.warning)

.fini
 *(SORT_NONE(.fini))
                [!provide]                        PROVIDE (__etext = .)
                [!provide]                        PROVIDE (_etext = .)
                [!provide]                        PROVIDE (etext = .)

.rodata         0x00000000c0002c70      0x554
 *(.rodata .rodata.* .gnu.linkonce.r.*)
 .rodata        0x00000000c0002c70       0x21 build/main.o
 .rodata        0x00000000c0002c91        0xf build/init.o
 .rodata        0x00000000c0002ca0       0x23 build/timer.o
 *fill*         0x00000000c0002cc3        0x1 
 .rodata        0x00000000c0002cc4      0x12c build/memory.o
 .rodata        0x00000000c0002df0       0x6b build/bitmap.o
 *fill*         0x00000000c0002e5b        0x1 
 .rodata        0x00000000c0002e5c      0x261 build/interrupt.o
 *fill*         0x00000000c00030bd        0x3 
 .rodata        0x00000000c00030c0       0xcc build/string.o
 .rodata        0x00000000c000318c       0x38 build/debug.o

.rodata1
 *(.rodata1)

.eh_frame_hdr
 *(.eh_frame_hdr)
 *(.eh_frame_entry .eh_frame_entry.*)

.eh_frame
 *(.eh_frame)
 *(.eh_frame.*)

.gcc_except_table
 *(.gcc_except_table .gcc_except_table.*)

.gnu_extab
 *(.gnu_extab*)

.exception_ranges
 *(.exception_ranges .exception_ranges*)
                0x00000000c00041c4                . = DATA_SEGMENT_ALIGN (CONSTANT (MAXPAGESIZE), CONSTANT (COMMONPAGESIZE))

.eh_frame
 *(.eh_frame)
 *(.eh_frame.*)

.gnu_extab
 *(.gnu_extab)

.gcc_except_table
 *(.gcc_except_table .gcc_except_table.*)

.exception_ranges
 *(.exception_ranges .exception_ranges*)

.tdata          0x00000000c00041c4        0x0
                [!provide]                        PROVIDE (__tdata_start = .)
 *(.tdata .tdata.* .gnu.linkonce.td.*)

.tbss
 *(.tbss .tbss.* .gnu.linkonce.tb.*)
 *(.tcommon)

.preinit_array  0x00000000c00041c4        0x0
                [!provide]                        PROVIDE (__preinit_array_start = .)
 *(.preinit_array)
                [!provide]                        PROVIDE (__preinit_array_end = .)

.init_array     0x00000000c00041c4        0x0
                [!provide]                        PROVIDE (__init_array_start = .)
 *(SORT_BY_INIT_PRIORITY(.init_array.*) SORT_BY_INIT_PRIORITY(.ctors.*))
 *(.init_array EXCLUDE_FILE(*crtend?.o *crtend.o *crtbegin?.o *crtbegin.o) .ctors)
                [!provide]                        PROVIDE (__init_array_end = .)

.fini_array     0x00000000c00041c4        0x0
                [!provide]                        PROVIDE (__fini_array_start = .)
 *(SORT_BY_INIT_PRIORITY(.fini_array.*) SORT_BY_INIT_PRIORITY(.dtors.*))
 *(.fini_array EXCLUDE_FILE(*crtend?.o *crtend.o *crtbegin?.o *crtbegin.o) .dtors)
                [!provide]                        PROVIDE (__fini_array_end = .)

.ctors
 *crtbegin.o(.ctors)
 *crtbegin?.o(.ctors)
 *(EXCLUDE_FILE(*crtend?.o *crtend.o) .ctors)
 *(SORT_BY_NAME(.ctors.*))
 *(.ctors)

.dtors
 *crtbegin.o(.dtors)
 *crtbegin?.o(.dtors)
 *(EXCLUDE_FILE(*crtend?.o *crtend.o) .dtors)
 *(SORT_BY_NAME(.dtors.*))
 *(.dtors)

.jcr
 *(.jcr)

.data.rel.ro
 *(.data.rel.ro.local* .gnu.linkonce.d.rel.ro.local.*)
 *(.data.rel.ro .data.rel.ro.* .gnu.linkonce.d.rel.ro.*)

.dynamic
 *(.dynamic)

.got            0x00000000c00041c4        0x0
 *(.got)
 .got           0x00000000c00041c4        0x0 build/main.o
 *(.igot)
                0x00000000c00041c4                . = DATA_SEGMENT_RELRO_END (., (SIZEOF (.got.plt) >= 0xc)?0xc:0x0)

.got.plt        0x00000000c00041c4        0x0
 *(.got.plt)
 .got.plt       0x00000000c00041c4        0x0 build/main.o
 *(.igot.plt)
 .igot.plt      0x00000000c00041c4        0x0 build/main.o

.data           0x00000000c00041c4       0x8c
 *(.data .data.* .gnu.linkonce.d.*)
 .data          0x00000000c00041c4        0x0 build/main.o
 .data          0x00000000c00041c4        0x0 build/init.o
 .data          0x00000000c00041c4        0x0 build/timer.o
 .data          0x00000000c00041c4        0x0 build/thread.o
 .data          0x00000000c00041c4        0x0 build/memory.o
 .data          0x00000000c00041c4        0x0 build/bitmap.o
 .data          0x00000000c00041c4        0x0 build/interrupt.o
 .data          0x00000000c00041c4       0x84 build/kernel.o
                0x00000000c00041c4                intr_entry_table
 .data          0x00000000c0004248        0x8 build/print.o
 .data          0x00000000c0004250        0x0 build/string.o
 .data          0x00000000c0004250        0x0 build/debug.o

.data1
 *(.data1)
                0x00000000c0004250                _edata = .
                [!provide]                        PROVIDE (edata = .)
                0x00000000c0004250                . = .
                0x00000000c0004250                __bss_start = .

.bss            0x00000000c0004260      0x288
 *(.dynbss)
 *(.bss .bss.* .gnu.linkonce.b.*)
 .bss           0x00000000c0004260        0x0 build/main.o
 .bss           0x00000000c0004260        0x0 build/init.o
 .bss           0x00000000c0004260        0x0 build/timer.o
 .bss           0x00000000c0004260        0x0 build/thread.o
 .bss           0x00000000c0004260       0x2c build/memory.o
                0x00000000c0004260                kernel_pool
                0x00000000c0004270                user_pool
                0x00000000c0004280                kernel_vaddr
 .bss           0x00000000c000428c        0x0 build/bitmap.o
 *fill*         0x00000000c000428c       0x14 
 .bss           0x00000000c00042a0      0x248 build/interrupt.o
                0x00000000c00042a0                intr_name
                0x00000000c0004340                idt_table
 .bss           0x00000000c00044e8        0x0 build/string.o
 .bss           0x00000000c00044e8        0x0 build/debug.o
 *(COMMON)
                0x00000000c00044e8                . = ALIGN ((. != 0x0)?0x4:0x1)
                0x00000000c00044e8                . = ALIGN (0x4)
                0x00000000c00044e8                . = SEGMENT_START ("ldata-segment", .)
                0x00000000c00044e8                . = ALIGN (0x4)
                0x00000000c00044e8                _end = .
                [!provide]                        PROVIDE (end = .)
                0x00000000c00044e8                . = DATA_SEGMENT_END (.)

.stab
 *(.stab)

.stabstr
 *(.stabstr)

.stab.excl
 *(.stab.excl)

.stab.exclstr
 *(.stab.exclstr)

.stab.index
 *(.stab.index)

.stab.indexstr
 *(.stab.indexstr)

.comment        0x0000000000000000       0x12
 *(.comment)
 .comment       0x0000000000000000       0x12 build/main.o
                                         0x13 (size before relaxing)
 .comment       0x0000000000000012       0x13 build/init.o
 .comment       0x0000000000000012       0x13 build/timer.o
 .comment       0x0000000000000012       0x13 build/thread.o
 .comment       0x0000000000000012       0x13 build/memory.o
 .comment       0x0000000000000012       0x13 build/bitmap.o
 .comment       0x0000000000000012       0x13 build/interrupt.o
 .comment       0x0000000000000012       0x13 build/string.o
 .comment       0x0000000000000012       0x13 build/debug.o

.debug
 *(.debug)

.line
 *(.line)

.debug_srcinfo
 *(.debug_srcinfo)

.debug_sfnames
 *(.debug_sfnames)

.debug_aranges
 *(.debug_aranges)

.debug_pubnames
 *(.debug_pubnames)

.debug_info
 *(.debug_info .gnu.linkonce.wi.*)

.debug_abbrev
 *(.debug_abbrev)

.debug_line
 *(.debug_line .debug_line.* .debug_line_end)

.debug_frame
 *(.debug_frame)

.debug_str
 *(.debug_str)

.debug_loc
 *(.debug_loc)

.debug_macinfo
 *(.debug_macinfo)

.debug_weaknames
 *(.debug_weaknames)

.debug_funcnames
 *(.debug_funcnames)

.debug_typenames
 *(.debug_typenames)

.debug_varnames
 *(.debug_varnames)

.debug_pubtypes
 *(.debug_pubtypes)

.debug_ranges
 *(.debug_ranges)

.debug_macro
 *(.debug_macro)

.debug_addr
 *(.debug_addr)

.gnu.attributes
 *(.gnu.attributes)

/DISCARD/
 *(.note.GNU-stack)
 *(.gnu_debuglink)
 *(.gnu.lto_*)
OUTPUT(build/kernel.bin elf32-i386)
