
Memory Configuration

Name             Origin             Length             Attributes
*default*        0x0000000000000000 0xffffffffffffffff

Linker script and memory map

Address of section .text set to 0xc0001500
LOAD build/main.o
LOAD build/init.o
LOAD build/interrupt.o
LOAD build/timer.o
LOAD build/kernel.o
LOAD build/print.o
LOAD build/debug.o
LOAD build/string.o
LOAD build/bitmap.o
LOAD build/memory.o
LOAD build/thread.o
LOAD build/list.o
LOAD build/switch.o
LOAD build/sync.o
LOAD build/console.o
LOAD build/keyboard.o
LOAD build/ioqueue.o
LOAD build/tss.o
LOAD build/process.o
LOAD build/syscall.o
LOAD build/syscall-init.o
LOAD build/stdio-kernel.o
LOAD build/stdio.o
LOAD build/file.o
LOAD build/fs.o
LOAD build/ide.o
LOAD build/dir.o
LOAD build/inode.o
                [!provide]                        PROVIDE (__executable_start = SEGMENT_START ("text-segment", 0x8048000))
                0x0000000008048074                . = (SEGMENT_START ("text-segment", 0x8048000) + SIZEOF_HEADERS)

.interp
 *(.interp)

.note.gnu.build-id
 *(.note.gnu.build-id)

.hash
 *(.hash)

.gnu.hash
 *(.gnu.hash)

.dynsym
 *(.dynsym)

.dynstr
 *(.dynstr)

.gnu.version
 *(.gnu.version)

.gnu.version_d
 *(.gnu.version_d)

.gnu.version_r
 *(.gnu.version_r)

.rel.dyn        0x0000000008048074        0x0
 *(.rel.init)
 *(.rel.text .rel.text.* .rel.gnu.linkonce.t.*)
 *(.rel.fini)
 *(.rel.rodata .rel.rodata.* .rel.gnu.linkonce.r.*)
 *(.rel.data.rel.ro .rel.data.rel.ro.* .rel.gnu.linkonce.d.rel.ro.*)
 *(.rel.data .rel.data.* .rel.gnu.linkonce.d.*)
 *(.rel.tdata .rel.tdata.* .rel.gnu.linkonce.td.*)
 *(.rel.tbss .rel.tbss.* .rel.gnu.linkonce.tb.*)
 *(.rel.ctors)
 *(.rel.dtors)
 *(.rel.got)
 .rel.got       0x0000000008048074        0x0 build/main.o
 *(.rel.bss .rel.bss.* .rel.gnu.linkonce.b.*)
 *(.rel.ifunc)

.rel.plt        0x0000000008048074        0x0
 *(.rel.plt)
                [!provide]                        PROVIDE (__rel_iplt_start = .)
 *(.rel.iplt)
 .rel.iplt      0x0000000008048074        0x0 build/main.o
                [!provide]                        PROVIDE (__rel_iplt_end = .)

.init
 *(SORT_NONE(.init))

.plt            0x0000000008048078        0x0
 *(.plt)
 *(.iplt)
 .iplt          0x0000000008048078        0x0 build/main.o

.plt.got
 *(.plt.got)

.plt.sec
 *(.plt.sec)

.text           0x00000000c0001500     0x95ce
 *(.text.unlikely .text.*_unlikely .text.unlikely.*)
 *(.text.exit .text.exit.*)
 *(.text.startup .text.startup.*)
 *(.text.hot .text.hot.*)
 *(.text .stub .text.* .gnu.linkonce.t.*)
 .text          0x00000000c0001500       0xa4 build/main.o
                0x00000000c0001500                main
 .text          0x00000000c00015a4       0x4b build/init.o
                0x00000000c00015a4                init_all
 .text          0x00000000c00015ef      0x466 build/interrupt.o
                0x00000000c0001943                intr_get_status
                0x00000000c0001960                intr_enable
                0x00000000c0001989                intr_disable
                0x00000000c00019b2                intr_set_status
                0x00000000c00019cd                register_handler
                0x00000000c00019ea                idt_init
 .text          0x00000000c0001a55      0x1e8 build/timer.o
                0x00000000c0001b79                timer_init
                0x00000000c0001bf2                mtime_sleep
 *fill*         0x00000000c0001c3d        0x3 
 .text          0x00000000c0001c40      0x55b build/kernel.o
                0x00000000c0001c40                intr_exit
                0x00000000c0002177                syscall_handler
 *fill*         0x00000000c000219b        0x5 
 .text          0x00000000c00021a0      0x172 build/print.o
                0x00000000c00021a0                put_str
                0x00000000c00021be                put_char
                0x00000000c000228b                put_int
                0x00000000c00022ee                set_cursor
 .text          0x00000000c0002312       0xd6 build/debug.o
                0x00000000c0002312                panic_spin
 .text          0x00000000c00023e8      0x3ce build/string.o
                0x00000000c00023e8                memset
                0x00000000c000243b                memcpy
                0x00000000c000249c                memcmp
                0x00000000c000251f                strcpy
                0x00000000c0002574                strlen
                0x00000000c00025bb                strcmp
                0x00000000c0002634                strchr
                0x00000000c000268c                strrchr
                0x00000000c00026ea                strcat
                0x00000000c0002754                strchrs
 .text          0x00000000c00027b6      0x1de build/bitmap.o
                0x00000000c00027b6                bitmap_init
                0x00000000c00027d9                bitmap_scan_test
                0x00000000c0002818                bitmap_scan
                0x00000000c00028de                bitmap_set
 .text          0x00000000c0002994     0x10ec build/memory.o
                0x00000000c0002d01                pde_ptr
                0x00000000c0002d1d                pte_ptr
                0x00000000c0002e6b                malloc_page
                0x00000000c0002f2d                get_kernel_pages
                0x00000000c0002f88                get_user_pages
                0x00000000c0002fdd                get_a_page
                0x00000000c0003138                block_desc_init
                0x00000000c00031f4                sys_malloc
                0x00000000c0003529                pfree
                0x00000000c000365b                mfree_page
                0x00000000c000381c                sys_free
                0x00000000c0003a03                mem_init
                0x00000000c0003a54                addr_v2p
 .text          0x00000000c0003a80      0x6f4 build/thread.o
                0x00000000c0003a97                running_thread
                0x00000000c0003b07                thread_create
                0x00000000c0003b7f                init_thread
                0x00000000c0003c77                thread_start
                0x00000000c0003dcd                schedule
                0x00000000c0003f1a                thread_init
                0x00000000c0003f93                thread_block
                0x00000000c0003ff6                thread_unblock
                0x00000000c00040f0                thread_yield
 .text          0x00000000c0004174      0x1f1 build/list.o
                0x00000000c0004174                list_init
                0x00000000c00041a2                list_insert_before
                0x00000000c00041e7                list_push
                0x00000000c0004205                list_append
                0x00000000c0004223                list_remove
                0x00000000c000425d                list_pop
                0x00000000c000427f                elem_find
                0x00000000c00042ba                list_traversal
                0x00000000c0004317                list_len
                0x00000000c000434c                list_empty
 *fill*         0x00000000c0004365        0xb 
 .text          0x00000000c0004370       0x15 build/switch.o
                0x00000000c0004370                switch_to
 .text          0x00000000c0004385      0x311 build/sync.o
                0x00000000c0004385                sema_init
                0x00000000c00043af                lock_init
                0x00000000c00043df                sema_down
                0x00000000c00044da                sema_up
                0x00000000c0004589                lock_acquire
                0x00000000c00045fe                lock_release
 .text          0x00000000c0004696       0xb6 build/console.o
                0x00000000c0004696                console_init
                0x00000000c00046af                console_acquire
                0x00000000c00046c8                console_release
                0x00000000c00046e1                console_put_str
                0x00000000c0004702                console_put_char
                0x00000000c000472b                console_put_int
 .text          0x00000000c000474c      0x2e9 build/keyboard.o
                0x00000000c00049ea                keyboard_init
 .text          0x00000000c0004a35      0x2e0 build/ioqueue.o
                0x00000000c0004a35                ioqueue_init
                0x00000000c0004a8f                ioq_full
                0x00000000c0004ad9                ioq_empty
                0x00000000c0004ba4                ioq_getchar
                0x00000000c0004c5b                ioq_putchar
 .text          0x00000000c0004d15      0x18b build/tss.o
                0x00000000c0004d15                update_tss_esp
                0x00000000c0004d90                tss_init
 .text          0x00000000c0004ea0      0x363 build/process.o
                0x00000000c0004ea0                create_user_vaddr_bitmap
                0x00000000c0004eea                create_page_dir
                0x00000000c0004f62                start_process
                0x00000000c0005067                page_dir_activate
                0x00000000c000509c                process_activate
                0x00000000c00050ea                process_execute
 .text          0x00000000c0005203       0x71 build/syscall.o
                0x00000000c0005203                getpid
                0x00000000c0005218                malloc
                0x00000000c0005236                free
                0x00000000c0005252                write
 .text          0x00000000c0005274       0x65 build/syscall-init.o
                0x00000000c0005274                sys_getpid
                0x00000000c0005288                syscall_init
 .text          0x00000000c00052d9       0x66 build/stdio-kernel.o
                0x00000000c00052d9                printk
 .text          0x00000000c000533f      0x2b0 build/stdio.o
                0x00000000c00053c6                vsprintf
                0x00000000c0005545                printf
                0x00000000c00055bf                sprintf
 .text          0x00000000c00055ef     0x116a build/file.o
                0x00000000c00055ef                get_free_slot_in_global
                0x00000000c0005644                pcb_fd_install
                0x00000000c00056b1                inode_bitmap_alloc
                0x00000000c00056f8                block_bitmap_alloc
                0x00000000c000574a                bitmap_sync
                0x00000000c00057d2                file_create
                0x00000000c0005a94                file_open
                0x00000000c0005bc4                file_close
                0x00000000c0005c07                file_write
                0x00000000c00063af                file_read
 .text          0x00000000c0006759     0x2055 build/fs.o
                0x00000000c0006e1e                filesys_init
                0x00000000c0007075                path_depth_cnt
                0x00000000c000737d                sys_open
                0x00000000c000762a                sys_close
                0x00000000c0007687                sys_write
                0x00000000c000777a                sys_read
                0x00000000c00077f6                sys_lseek
                0x00000000c00078e5                sys_unlink
                0x00000000c0007b08                sys_mkdir
                0x00000000c0007ef8                sys_opendir
                0x00000000c0008008                sys_closedir
                0x00000000c0008035                sys_readdir
                0x00000000c000806d                sys_rewinddir
                0x00000000c000807d                sys_rmdir
                0x00000000c0008407                sys_getcwd
                0x00000000c00085f7                sys_chdir
                0x00000000c0008684                sys_stat
 .text          0x00000000c00087ae      0xd84 build/ide.o
                0x00000000c0008abf                ide_read
                0x00000000c0008c30                ide_write
                0x00000000c0008da4                intr_hd_handler
                0x00000000c0009326                ide_init
 .text          0x00000000c0009532      0xe77 build/dir.o
                0x00000000c0009532                open_root_dir
                0x00000000c0009562                dir_open
                0x00000000c00095a0                search_dir_entry
                0x00000000c0009778                dir_close
                0x00000000c00097ab                create_dir_entry
                0x00000000c000981a                sync_dir_entry
                0x00000000c0009c6b                delete_dir_entry
                0x00000000c000a0d3                dir_read
                0x00000000c000a2bb                dir_is_empty
                0x00000000c000a2e6                dir_remove
 .text          0x00000000c000a3a9      0x725 build/inode.o
                0x00000000c000a443                inode_sync
                0x00000000c000a56a                inode_open
                0x00000000c000a6b0                inode_close
                0x00000000c000a72c                inode_init
                0x00000000c000a783                inode_delete
                0x00000000c000a895                inode_release
 *(.gnu.warning)

.fini
 *(SORT_NONE(.fini))
                [!provide]                        PROVIDE (__etext = .)
                [!provide]                        PROVIDE (_etext = .)
                [!provide]                        PROVIDE (etext = .)

.rodata         0x00000000c000aad0     0x2146
 *(.rodata .rodata.* .gnu.linkonce.r.*)
 .rodata        0x00000000c000aad0       0x8f build/main.o
 .rodata        0x00000000c000ab5f        0xa build/init.o
 *fill*         0x00000000c000ab69        0x3 
 .rodata        0x00000000c000ab6c      0x2cd build/interrupt.o
 *fill*         0x00000000c000ae39        0x3 
 .rodata        0x00000000c000ae3c       0x88 build/timer.o
 .rodata        0x00000000c000aec4       0x3f build/debug.o
 *fill*         0x00000000c000af03        0x1 
 .rodata        0x00000000c000af04       0xc4 build/string.o
 .rodata        0x00000000c000afc8       0x3f build/bitmap.o
 *fill*         0x00000000c000b007        0x1 
 .rodata        0x00000000c000b008      0x3bd build/memory.o
 *fill*         0x00000000c000b3c5        0x3 
 .rodata        0x00000000c000b3c8      0x2e1 build/thread.o
 *fill*         0x00000000c000b6a9        0x3 
 .rodata        0x00000000c000b6ac      0x135 build/sync.o
 .rodata        0x00000000c000b7e1       0x36 build/keyboard.o
 *fill*         0x00000000c000b817        0x1 
 .rodata        0x00000000c000b818       0xa8 build/ioqueue.o
 .rodata        0x00000000c000b8c0       0x27 build/tss.o
 *fill*         0x00000000c000b8e7        0x1 
 .rodata        0x00000000c000b8e8       0xe0 build/process.o
 .rodata        0x00000000c000b9c8       0x27 build/syscall-init.o
 *fill*         0x00000000c000b9ef        0x1 
 .rodata        0x00000000c000b9f0      0x436 build/file.o
 *fill*         0x00000000c000be26        0x2 
 .rodata        0x00000000c000be28      0x917 build/fs.o
 *fill*         0x00000000c000c73f        0x1 
 .rodata        0x00000000c000c740      0x201 build/ide.o
 *fill*         0x00000000c000c941        0x3 
 .rodata        0x00000000c000c944      0x20f build/dir.o
 *fill*         0x00000000c000cb53        0x1 
 .rodata        0x00000000c000cb54       0xc2 build/inode.o

.rodata1
 *(.rodata1)

.eh_frame_hdr
 *(.eh_frame_hdr)
 *(.eh_frame_entry .eh_frame_entry.*)

.eh_frame
 *(.eh_frame)
 *(.eh_frame.*)

.gcc_except_table
 *(.gcc_except_table .gcc_except_table.*)

.gnu_extab
 *(.gnu_extab*)

.exception_ranges
 *(.exception_ranges .exception_ranges*)
                0x00000000c000dc16                . = DATA_SEGMENT_ALIGN (CONSTANT (MAXPAGESIZE), CONSTANT (COMMONPAGESIZE))

.eh_frame
 *(.eh_frame)
 *(.eh_frame.*)

.gnu_extab
 *(.gnu_extab)

.gcc_except_table
 *(.gcc_except_table .gcc_except_table.*)

.exception_ranges
 *(.exception_ranges .exception_ranges*)

.tdata          0x00000000c000dc16        0x0
                [!provide]                        PROVIDE (__tdata_start = .)
 *(.tdata .tdata.* .gnu.linkonce.td.*)

.tbss
 *(.tbss .tbss.* .gnu.linkonce.tb.*)
 *(.tcommon)

.preinit_array  0x00000000c000dc16        0x0
                [!provide]                        PROVIDE (__preinit_array_start = .)
 *(.preinit_array)
                [!provide]                        PROVIDE (__preinit_array_end = .)

.init_array     0x00000000c000dc16        0x0
                [!provide]                        PROVIDE (__init_array_start = .)
 *(SORT_BY_INIT_PRIORITY(.init_array.*) SORT_BY_INIT_PRIORITY(.ctors.*))
 *(.init_array EXCLUDE_FILE(*crtend?.o *crtend.o *crtbegin?.o *crtbegin.o) .ctors)
                [!provide]                        PROVIDE (__init_array_end = .)

.fini_array     0x00000000c000dc16        0x0
                [!provide]                        PROVIDE (__fini_array_start = .)
 *(SORT_BY_INIT_PRIORITY(.fini_array.*) SORT_BY_INIT_PRIORITY(.dtors.*))
 *(.fini_array EXCLUDE_FILE(*crtend?.o *crtend.o *crtbegin?.o *crtbegin.o) .dtors)
                [!provide]                        PROVIDE (__fini_array_end = .)

.ctors
 *crtbegin.o(.ctors)
 *crtbegin?.o(.ctors)
 *(EXCLUDE_FILE(*crtend?.o *crtend.o) .ctors)
 *(SORT_BY_NAME(.ctors.*))
 *(.ctors)

.dtors
 *crtbegin.o(.dtors)
 *crtbegin?.o(.dtors)
 *(EXCLUDE_FILE(*crtend?.o *crtend.o) .dtors)
 *(SORT_BY_NAME(.dtors.*))
 *(.dtors)

.jcr
 *(.jcr)

.data.rel.ro
 *(.data.rel.ro.local* .gnu.linkonce.d.rel.ro.local.*)
 *(.data.rel.ro .data.rel.ro.* .gnu.linkonce.d.rel.ro.*)

.dynamic
 *(.dynamic)

.got            0x00000000c000dc18        0x0
 *(.got)
 .got           0x00000000c000dc18        0x0 build/main.o
 *(.igot)
                0x00000000c000dc18                . = DATA_SEGMENT_RELRO_END (., (SIZEOF (.got.plt) >= 0xc)?0xc:0x0)

.got.plt        0x00000000c000dc18        0x0
 *(.got.plt)
 .got.plt       0x00000000c000dc18        0x0 build/main.o
 *(.igot.plt)
 .igot.plt      0x00000000c000dc18        0x0 build/main.o

.data           0x00000000c000dc20      0x156
 *(.data .data.* .gnu.linkonce.d.*)
 .data          0x00000000c000dc20        0x0 build/main.o
 .data          0x00000000c000dc20        0x0 build/init.o
 .data          0x00000000c000dc20        0x0 build/interrupt.o
 .data          0x00000000c000dc20        0x0 build/timer.o
 .data          0x00000000c000dc20       0xc0 build/kernel.o
                0x00000000c000dc20                intr_entry_table
 .data          0x00000000c000dce0        0x8 build/print.o
 .data          0x00000000c000dce8        0x0 build/debug.o
 .data          0x00000000c000dce8        0x0 build/string.o
 .data          0x00000000c000dce8        0x0 build/bitmap.o
 .data          0x00000000c000dce8        0x0 build/memory.o
 .data          0x00000000c000dce8        0x0 build/thread.o
 .data          0x00000000c000dce8        0x0 build/list.o
 .data          0x00000000c000dce8        0x0 build/sync.o
 .data          0x00000000c000dce8        0x0 build/console.o
 *fill*         0x00000000c000dce8       0x18 
 .data          0x00000000c000dd00       0x76 build/keyboard.o
                0x00000000c000dd00                keymap
 .data          0x00000000c000dd76        0x0 build/ioqueue.o
 .data          0x00000000c000dd76        0x0 build/tss.o
 .data          0x00000000c000dd76        0x0 build/process.o
 .data          0x00000000c000dd76        0x0 build/syscall.o
 .data          0x00000000c000dd76        0x0 build/syscall-init.o
 .data          0x00000000c000dd76        0x0 build/stdio-kernel.o
 .data          0x00000000c000dd76        0x0 build/stdio.o
 .data          0x00000000c000dd76        0x0 build/file.o
 .data          0x00000000c000dd76        0x0 build/fs.o
 .data          0x00000000c000dd76        0x0 build/ide.o
 .data          0x00000000c000dd76        0x0 build/dir.o
 .data          0x00000000c000dd76        0x0 build/inode.o

.data1
 *(.data1)
                0x00000000c000dd76                _edata = .
                [!provide]                        PROVIDE (edata = .)
                0x00000000c000dd76                . = .
                0x00000000c000dd76                __bss_start = .

.bss            0x00000000c000dd80     0x2248
 *(.dynbss)
 *(.bss .bss.* .gnu.linkonce.b.*)
 .bss           0x00000000c000dd80        0x0 build/main.o
 .bss           0x00000000c000dd80        0x0 build/init.o
 .bss           0x00000000c000dd80      0x848 build/interrupt.o
                0x00000000c000dd80                intr_name
                0x00000000c000dfa0                idt_table
 .bss           0x00000000c000e5c8        0x4 build/timer.o
                0x00000000c000e5c8                ticks
 .bss           0x00000000c000e5cc        0x0 build/debug.o
 .bss           0x00000000c000e5cc        0x0 build/string.o
 .bss           0x00000000c000e5cc        0x0 build/bitmap.o
 *fill*         0x00000000c000e5cc       0x14 
 .bss           0x00000000c000e5e0      0x138 build/memory.o
                0x00000000c000e5e0                k_block_descs
                0x00000000c000e6a0                kernel_pool
                0x00000000c000e6e0                user_pool
                0x00000000c000e70c                kernel_vaddr
 .bss           0x00000000c000e718       0x4a build/thread.o
                0x00000000c000e718                main_thread
                0x00000000c000e71c                idle_thread
                0x00000000c000e720                thread_ready_list
                0x00000000c000e730                thread_all_list
                0x00000000c000e740                pid_lock
 .bss           0x00000000c000e762        0x0 build/list.o
 .bss           0x00000000c000e762        0x0 build/sync.o
 *fill*         0x00000000c000e762        0x2 
 .bss           0x00000000c000e764       0x1c build/console.o
 .bss           0x00000000c000e780       0x8c build/keyboard.o
                0x00000000c000e780                ctrl_status
                0x00000000c000e784                shift_status
                0x00000000c000e788                alt_status
                0x00000000c000e78c                caps_lock_status
                0x00000000c000e790                ext_scancode
                0x00000000c000e7a0                kbd_buf
 .bss           0x00000000c000e80c        0x0 build/ioqueue.o
 *fill*         0x00000000c000e80c       0x14 
 .bss           0x00000000c000e820       0x68 build/tss.o
 .bss           0x00000000c000e888        0x0 build/process.o
 .bss           0x00000000c000e888        0x0 build/syscall.o
 *fill*         0x00000000c000e888       0x18 
 .bss           0x00000000c000e8a0       0x80 build/syscall-init.o
                0x00000000c000e8a0                syscall_table
 .bss           0x00000000c000e920        0x0 build/stdio-kernel.o
 .bss           0x00000000c000e920        0x0 build/stdio.o
 .bss           0x00000000c000e920      0x180 build/file.o
                0x00000000c000e920                file_table
 .bss           0x00000000c000eaa0        0x4 build/fs.o
                0x00000000c000eaa0                cur_part
 *fill*         0x00000000c000eaa4       0x1c 
 .bss           0x00000000c000eac0      0xcf8 build/ide.o
                0x00000000c000eac0                channel_cnt
                0x00000000c000eae0                channels
                0x00000000c000f7a0                ext_lba_base
                0x00000000c000f7a4                p_no
                0x00000000c000f7a5                l_no
                0x00000000c000f7a8                partition_list
 *fill*         0x00000000c000f7b8        0x8 
 .bss           0x00000000c000f7c0      0x808 build/dir.o
                0x00000000c000f7c0                root_dir
 .bss           0x00000000c000ffc8        0x0 build/inode.o
 *(COMMON)
                0x00000000c000ffc8                . = ALIGN ((. != 0x0)?0x4:0x1)
                0x00000000c000ffc8                . = ALIGN (0x4)
                0x00000000c000ffc8                . = SEGMENT_START ("ldata-segment", .)
                0x00000000c000ffc8                . = ALIGN (0x4)
                0x00000000c000ffc8                _end = .
                [!provide]                        PROVIDE (end = .)
                0x00000000c000ffc8                . = DATA_SEGMENT_END (.)

.stab
 *(.stab)

.stabstr
 *(.stabstr)

.stab.excl
 *(.stab.excl)

.stab.exclstr
 *(.stab.exclstr)

.stab.index
 *(.stab.index)

.stab.indexstr
 *(.stab.indexstr)

.comment        0x0000000000000000       0x12
 *(.comment)
 .comment       0x0000000000000000       0x12 build/main.o
                                         0x13 (size before relaxing)
 .comment       0x0000000000000012       0x13 build/init.o
 .comment       0x0000000000000012       0x13 build/interrupt.o
 .comment       0x0000000000000012       0x13 build/timer.o
 .comment       0x0000000000000012       0x13 build/debug.o
 .comment       0x0000000000000012       0x13 build/string.o
 .comment       0x0000000000000012       0x13 build/bitmap.o
 .comment       0x0000000000000012       0x13 build/memory.o
 .comment       0x0000000000000012       0x13 build/thread.o
 .comment       0x0000000000000012       0x13 build/list.o
 .comment       0x0000000000000012       0x13 build/sync.o
 .comment       0x0000000000000012       0x13 build/console.o
 .comment       0x0000000000000012       0x13 build/keyboard.o
 .comment       0x0000000000000012       0x13 build/ioqueue.o
 .comment       0x0000000000000012       0x13 build/tss.o
 .comment       0x0000000000000012       0x13 build/process.o
 .comment       0x0000000000000012       0x13 build/syscall.o
 .comment       0x0000000000000012       0x13 build/syscall-init.o
 .comment       0x0000000000000012       0x13 build/stdio-kernel.o
 .comment       0x0000000000000012       0x13 build/stdio.o
 .comment       0x0000000000000012       0x13 build/file.o
 .comment       0x0000000000000012       0x13 build/fs.o
 .comment       0x0000000000000012       0x13 build/ide.o
 .comment       0x0000000000000012       0x13 build/dir.o
 .comment       0x0000000000000012       0x13 build/inode.o

.debug
 *(.debug)

.line
 *(.line)

.debug_srcinfo
 *(.debug_srcinfo)

.debug_sfnames
 *(.debug_sfnames)

.debug_aranges
 *(.debug_aranges)

.debug_pubnames
 *(.debug_pubnames)

.debug_info
 *(.debug_info .gnu.linkonce.wi.*)

.debug_abbrev
 *(.debug_abbrev)

.debug_line
 *(.debug_line .debug_line.* .debug_line_end)

.debug_frame
 *(.debug_frame)

.debug_str
 *(.debug_str)

.debug_loc
 *(.debug_loc)

.debug_macinfo
 *(.debug_macinfo)

.debug_weaknames
 *(.debug_weaknames)

.debug_funcnames
 *(.debug_funcnames)

.debug_typenames
 *(.debug_typenames)

.debug_varnames
 *(.debug_varnames)

.debug_pubtypes
 *(.debug_pubtypes)

.debug_ranges
 *(.debug_ranges)

.debug_macro
 *(.debug_macro)

.debug_addr
 *(.debug_addr)

.gnu.attributes
 *(.gnu.attributes)

/DISCARD/
 *(.note.GNU-stack)
 *(.gnu_debuglink)
 *(.gnu.lto_*)
OUTPUT(build/kernel.bin elf32-i386)
